Archive member included to satisfy reference by file (symbol)

/usr/lib/gcc/avr/5.4.0/../../../avr/lib/avr5/libm.a(fixsfsi.o)
                              .build/obj_kb_default/common/mousekey.o (__fixsfsi)
/usr/lib/gcc/avr/5.4.0/../../../avr/lib/avr5/libm.a(fixunssfsi.o)
                              /usr/lib/gcc/avr/5.4.0/../../../avr/lib/avr5/libm.a(fixsfsi.o) (__fixunssfsi)
/usr/lib/gcc/avr/5.4.0/../../../avr/lib/avr5/libm.a(floatsisf.o)
                              .build/obj_kb_default/common/mousekey.o (__floatsisf)
/usr/lib/gcc/avr/5.4.0/../../../avr/lib/avr5/libm.a(fp_split3.o)
                              /usr/lib/gcc/avr/5.4.0/../../../avr/lib/avr5/libm.a(fixunssfsi.o) (__fp_splitA)
/usr/lib/gcc/avr/5.4.0/../../../avr/lib/avr5/libm.a(fp_zero.o)
                              /usr/lib/gcc/avr/5.4.0/../../../avr/lib/avr5/libm.a(fixunssfsi.o) (__fp_zero)
/usr/lib/gcc/avr/5.4.0/../../../avr/lib/avr5/libm.a(mulsf3.o)
                              .build/obj_kb_default/common/mousekey.o (__mulsf3)
/usr/lib/gcc/avr/5.4.0/../../../avr/lib/avr5/libm.a(mulsf3x.o)
                              /usr/lib/gcc/avr/5.4.0/../../../avr/lib/avr5/libm.a(mulsf3.o) (__mulsf3x)
/usr/lib/gcc/avr/5.4.0/../../../avr/lib/avr5/libm.a(fp_inf.o)
                              /usr/lib/gcc/avr/5.4.0/../../../avr/lib/avr5/libm.a(mulsf3x.o) (__fp_inf)
/usr/lib/gcc/avr/5.4.0/../../../avr/lib/avr5/libm.a(fp_nan.o)
                              /usr/lib/gcc/avr/5.4.0/../../../avr/lib/avr5/libm.a(mulsf3x.o) (__fp_nan)
/usr/lib/gcc/avr/5.4.0/../../../avr/lib/avr5/libm.a(fp_pscA.o)
                              /usr/lib/gcc/avr/5.4.0/../../../avr/lib/avr5/libm.a(mulsf3x.o) (__fp_pscA)
/usr/lib/gcc/avr/5.4.0/../../../avr/lib/avr5/libm.a(fp_pscB.o)
                              /usr/lib/gcc/avr/5.4.0/../../../avr/lib/avr5/libm.a(mulsf3x.o) (__fp_pscB)
/usr/lib/gcc/avr/5.4.0/../../../avr/lib/avr5/libm.a(fp_round.o)
                              /usr/lib/gcc/avr/5.4.0/../../../avr/lib/avr5/libm.a(mulsf3.o) (__fp_round)
/usr/lib/gcc/avr/5.4.0/avr5/libgcc.a(_udivmodhi4.o)
                              .build/obj_kb_default/quantum/rgblight.o (__udivmodhi4)
/usr/lib/gcc/avr/5.4.0/avr5/libgcc.a(_divmodhi4.o)
                              .build/obj_kb_default/quantum/rgblight.o (__divmodhi4)
/usr/lib/gcc/avr/5.4.0/avr5/libgcc.a(_exit.o)
                              /usr/lib/gcc/avr/5.4.0/../../../avr/lib/avr5/crtatmega32u4.o (exit)
/usr/lib/gcc/avr/5.4.0/avr5/libgcc.a(_tablejump2.o)
                              .build/obj_kb_default/quantum/quantum.o (__tablejump2__)
/usr/lib/gcc/avr/5.4.0/avr5/libgcc.a(_copy_data.o)
                              .build/obj_kb_default/quantum/matrix.o (__do_copy_data)
/usr/lib/gcc/avr/5.4.0/avr5/libgcc.a(_clear_bss.o)
                              .build/obj_kb_default/quantum/quantum.o (__do_clear_bss)
/usr/lib/gcc/avr/5.4.0/../../../avr/lib/avr5/libatmega32u4.a(eerd_byte.o)
                              .build/obj_kb_default/common/eeconfig.o (eeprom_read_byte)
/usr/lib/gcc/avr/5.4.0/../../../avr/lib/avr5/libatmega32u4.a(eerd_dword.o)
                              .build/obj_kb_default/quantum/rgblight.o (eeprom_read_dword)
/usr/lib/gcc/avr/5.4.0/../../../avr/lib/avr5/libatmega32u4.a(eerd_word.o)
                              .build/obj_kb_default/common/eeconfig.o (eeprom_read_word)
/usr/lib/gcc/avr/5.4.0/../../../avr/lib/avr5/libatmega32u4.a(eeupd_byte.o)
                              .build/obj_kb_default/common/eeconfig.o (eeprom_update_byte)
/usr/lib/gcc/avr/5.4.0/../../../avr/lib/avr5/libatmega32u4.a(eeupd_dword.o)
                              .build/obj_kb_default/quantum/rgblight.o (eeprom_update_dword)
/usr/lib/gcc/avr/5.4.0/../../../avr/lib/avr5/libatmega32u4.a(eeupd_word.o)
                              .build/obj_kb_default/common/eeconfig.o (eeprom_update_word)
/usr/lib/gcc/avr/5.4.0/../../../avr/lib/avr5/libatmega32u4.a(eerd_block.o)
                              /usr/lib/gcc/avr/5.4.0/../../../avr/lib/avr5/libatmega32u4.a(eerd_dword.o) (eeprom_read_blraw)

Allocating common symbols
Common symbol       size              file

rgblight_config     0x4               .build/obj_kb_default/quantum/rgblight.o
USB_IsInitialized   0x1               .build/obj_kb_default/protocol/lufa/LUFA-git/LUFA/Drivers/USB/Core/USBTask.o
keymap_config       0x2               .build/obj_kb_default/common/bootmagic.o
inmem_config        0x4               .build/obj_kb_default/quantum/rgblight.o
USB_DeviceState     0x1               .build/obj_kb_default/protocol/lufa/LUFA-git/LUFA/Drivers/USB/Core/USBTask.o
USB_Device_ConfigurationNumber
                    0x1               .build/obj_kb_default/protocol/lufa/LUFA-git/LUFA/Drivers/USB/Core/DeviceStandardReq.o
led                 0x6               .build/obj_kb_default/quantum/rgblight.o
USB_Device_CurrentlySelfPowered
                    0x1               .build/obj_kb_default/protocol/lufa/LUFA-git/LUFA/Drivers/USB/Core/DeviceStandardReq.o
[...]
Memory Configuration

Name             Origin             Length             Attributes
text             0x0000000000000000 0x0000000000020000 xr
data             0x0000000000800060 0x000000000000ffa0 rw !x
eeprom           0x0000000000810000 0x0000000000010000 rw !x
fuse             0x0000000000820000 0x0000000000000003 rw !x
lock             0x0000000000830000 0x0000000000000400 rw !x
signature        0x0000000000840000 0x0000000000000400 rw !x
user_signatures  0x0000000000850000 0x0000000000000400 rw !x
*default*        0x0000000000000000 0xffffffffffffffff

Linker script and memory map

Address of section .data set to 0x800100
LOAD /usr/lib/gcc/avr/5.4.0/../../../avr/lib/avr5/crtatmega32u4.o
LOAD .build/obj_kb_default/keyboards/kb/kb.o
LOAD .build/obj_kb_default/keyboards/kb/keymaps/default/keymap.o
LOAD .build/obj_kb_default/quantum/quantum.o
LOAD .build/obj_kb_default/quantum/keymap_common.o
LOAD .build/obj_kb_default/quantum/keycode_config.o
LOAD .build/obj_kb_default/quantum/process_keycode/process_leader.o
LOAD .build/obj_kb_default/quantum/matrix.o
LOAD .build/obj_kb_default/quantum/light_ws2812.o
LOAD .build/obj_kb_default/quantum/rgblight.o
LOAD .build/obj_kb_default/common/host.o
LOAD .build/obj_kb_default/common/keyboard.o
LOAD .build/obj_kb_default/common/action.o
LOAD .build/obj_kb_default/common/action_tapping.o
LOAD .build/obj_kb_default/common/action_macro.o
LOAD .build/obj_kb_default/common/action_layer.o
LOAD .build/obj_kb_default/common/action_util.o
LOAD .build/obj_kb_default/common/print.o
LOAD .build/obj_kb_default/common/debug.o
LOAD .build/obj_kb_default/common/util.o
LOAD .build/obj_kb_default/common/eeconfig.o
LOAD .build/obj_kb_default/common/avr/suspend.o
LOAD .build/obj_kb_default/common/avr/timer.o
LOAD .build/obj_kb_default/common/avr/bootloader.o
LOAD .build/obj_kb_default/common/avr/xprintf.o
LOAD .build/obj_kb_default/common/bootmagic.o
LOAD .build/obj_kb_default/common/mousekey.o
LOAD .build/obj_kb_default/lufa.o
LOAD .build/obj_kb_default/descriptor.o
LOAD .build/obj_kb_default/protocol/lufa/LUFA-git/LUFA/Drivers/USB/Class/Common/HIDParser.o
LOAD .build/obj_kb_default/protocol/lufa/LUFA-git/LUFA/Drivers/USB/Core/AVR8/Device_AVR8.o
LOAD .build/obj_kb_default/protocol/lufa/LUFA-git/LUFA/Drivers/USB/Core/AVR8/EndpointStream_AVR8.o
LOAD .build/obj_kb_default/protocol/lufa/LUFA-git/LUFA/Drivers/USB/Core/AVR8/Endpoint_AVR8.o
LOAD .build/obj_kb_default/protocol/lufa/LUFA-git/LUFA/Drivers/USB/Core/AVR8/Host_AVR8.o
LOAD .build/obj_kb_default/protocol/lufa/LUFA-git/LUFA/Drivers/USB/Core/AVR8/PipeStream_AVR8.o
LOAD .build/obj_kb_default/protocol/lufa/LUFA-git/LUFA/Drivers/USB/Core/AVR8/Pipe_AVR8.o
LOAD .build/obj_kb_default/protocol/lufa/LUFA-git/LUFA/Drivers/USB/Core/AVR8/USBController_AVR8.o
LOAD .build/obj_kb_default/protocol/lufa/LUFA-git/LUFA/Drivers/USB/Core/AVR8/USBInterrupt_AVR8.o
LOAD .build/obj_kb_default/protocol/lufa/LUFA-git/LUFA/Drivers/USB/Core/ConfigDescriptors.o
LOAD .build/obj_kb_default/protocol/lufa/LUFA-git/LUFA/Drivers/USB/Core/DeviceStandardReq.o
LOAD .build/obj_kb_default/protocol/lufa/LUFA-git/LUFA/Drivers/USB/Core/Events.o
LOAD .build/obj_kb_default/protocol/lufa/LUFA-git/LUFA/Drivers/USB/Core/HostStandardReq.o
LOAD .build/obj_kb_default/protocol/lufa/LUFA-git/LUFA/Drivers/USB/Core/USBTask.o
LOAD /usr/lib/gcc/avr/5.4.0/../../../avr/lib/avr5/libm.a
START GROUP
LOAD /usr/lib/gcc/avr/5.4.0/avr5/libgcc.a
LOAD /usr/lib/gcc/avr/5.4.0/../../../avr/lib/avr5/libm.a
LOAD /usr/lib/gcc/avr/5.4.0/../../../avr/lib/avr5/libc.a
LOAD /usr/lib/gcc/avr/5.4.0/../../../avr/lib/avr5/libatmega32u4.a
END GROUP
                0x0000000000020000                __TEXT_REGION_LENGTH__ = DEFINED (__TEXT_REGION_LENGTH__)?__TEXT_REGION_LENGTH__:0x20000
                0x000000000000ffa0                __DATA_REGION_LENGTH__ = DEFINED (__DATA_REGION_LENGTH__)?__DATA_REGION_LENGTH__:0xffa0
                0x0000000000010000                __EEPROM_REGION_LENGTH__ = DEFINED (__EEPROM_REGION_LENGTH__)?__EEPROM_REGION_LENGTH__:0x10000
                [0x0000000000000003]                __FUSE_REGION_LENGTH__ = DEFINED (__FUSE_REGION_LENGTH__)?__FUSE_REGION_LENGTH__:0x400
                0x0000000000000400                __LOCK_REGION_LENGTH__ = DEFINED (__LOCK_REGION_LENGTH__)?__LOCK_REGION_LENGTH__:0x400
                0x0000000000000400                __SIGNATURE_REGION_LENGTH__ = DEFINED (__SIGNATURE_REGION_LENGTH__)?__SIGNATURE_REGION_LENGTH__:0x400
                0x0000000000000400                __USER_SIGNATURE_REGION_LENGTH__ = DEFINED (__USER_SIGNATURE_REGION_LENGTH__)?__USER_SIGNATURE_REGION_LENGTH__:0x400

.hash
 *(.hash)

.dynsym
 *(.dynsym)

.dynstr
 *(.dynstr)

.gnu.version
 *(.gnu.version)

.gnu.version_d
 *(.gnu.version_d)

.gnu.version_r
 *(.gnu.version_r)

.rel.init
 *(.rel.init)

.rela.init
 *(.rela.init)

.rel.text
 *(.rel.text)
 *(.rel.text.*)
 *(.rel.gnu.linkonce.t*)

.rela.text
 *(.rela.text)
 *(.rela.text.*)
 *(.rela.gnu.linkonce.t*)

.rel.fini
 *(.rel.fini)

.rela.fini
 *(.rela.fini)

.rel.rodata
 *(.rel.rodata)
 *(.rel.rodata.*)
 *(.rel.gnu.linkonce.r*)

.rela.rodata
 *(.rela.rodata)
 *(.rela.rodata.*)
 *(.rela.gnu.linkonce.r*)

.rel.data
 *(.rel.data)
 *(.rel.data.*)
 *(.rel.gnu.linkonce.d*)

.rela.data
 *(.rela.data)
 *(.rela.data.*)
 *(.rela.gnu.linkonce.d*)

.rel.ctors
 *(.rel.ctors)

.rela.ctors
 *(.rela.ctors)

.rel.dtors
 *(.rel.dtors)

.rela.dtors
 *(.rela.dtors)

.rel.got
 *(.rel.got)

.rela.got
 *(.rela.got)

.rel.bss
 *(.rel.bss)

.rela.bss
 *(.rela.bss)

.rel.plt
 *(.rel.plt)

.rela.plt
 *(.rela.plt)

.text           0x0000000000000000     0x50ce
 *(.vectors)
 .vectors       0x0000000000000000       0xac /usr/lib/gcc/avr/5.4.0/../../../avr/lib/avr5/crtatmega32u4.o
                0x0000000000000000                __vectors
                0x0000000000000000                __vector_default
 *(.vectors)
 *(.progmem.gcc*)
 .progmem.gcc_sw_table.process_record_quantum
                0x00000000000000ac       0x24 .build/obj_kb_default/quantum/quantum.o
 .progmem.gcc_sw_table.process_action
                0x00000000000000d0       0x4a .build/obj_kb_default/common/action.o
 .progmem.gcc_sw_table.is_tap_key
                0x000000000000011a       0x1c .build/obj_kb_default/common/action.o
 .progmem.gcc_sw_table.USB_Device_ProcessControlRequest
                0x0000000000000136       0x14 .build/obj_kb_default/protocol/lufa/LUFA-git/LUFA/Drivers/USB/Core/DeviceStandardReq.o
                0x000000000000014a                . = ALIGN (0x2)
                0x000000000000014a                __trampolines_start = .
 *(.trampolines)
 .trampolines   0x000000000000014a        0x0 linker stubs
 *(.trampolines*)
                0x000000000000014a                __trampolines_end = .
 *libprintf_flt.a:*(.progmem.data)
 *libc.a:*(.progmem.data)
 *(.progmem*)
 .progmem.data.keymaps
                0x000000000000014a      0x480 .build/obj_kb_default/keyboards/kb/keymaps/default/keymap.o
                0x000000000000014a                keymaps
 .progmem.data.fn_actions
                0x00000000000005ca        0x0 .build/obj_kb_default/quantum/keymap_common.o
                0x00000000000005ca                fn_actions
 .progmem.data.RGBLED_KNIGHT_INTERVALS
                0x00000000000005ca        0x3 .build/obj_kb_default/quantum/rgblight.o
                0x00000000000005ca                RGBLED_KNIGHT_INTERVALS
 .progmem.data.RGBLED_SNAKE_INTERVALS
                0x00000000000005cd        0x3 .build/obj_kb_default/quantum/rgblight.o
                0x00000000000005cd                RGBLED_SNAKE_INTERVALS
 .progmem.data.RGBLED_RAINBOW_MOOD_INTERVALS
                0x00000000000005d0        0x3 .build/obj_kb_default/quantum/rgblight.o
                0x00000000000005d0                RGBLED_RAINBOW_MOOD_INTERVALS
 .progmem.data.RGBLED_BREATHING_INTERVALS
                0x00000000000005d3        0x4 .build/obj_kb_default/quantum/rgblight.o
                0x00000000000005d3                RGBLED_BREATHING_INTERVALS
 .progmem.data.RGBLED_BREATHING_TABLE
                0x00000000000005d7      0x100 .build/obj_kb_default/quantum/rgblight.o
                0x00000000000005d7                RGBLED_BREATHING_TABLE
 .progmem.data.DIM_CURVE
                0x00000000000006d7      0x100 .build/obj_kb_default/quantum/rgblight.o
                0x00000000000006d7                DIM_CURVE
 .progmem.data.ProductString
                0x00000000000007d7       0x14 .build/obj_kb_default/descriptor.o
                0x00000000000007d7                ProductString
 .progmem.data.ManufacturerString
                0x00000000000007eb       0x18 .build/obj_kb_default/descriptor.o
                0x00000000000007eb                ManufacturerString
 .progmem.data.LanguageString
                0x0000000000000803        0x4 .build/obj_kb_default/descriptor.o
                0x0000000000000803                LanguageString
 .progmem.data.ConfigurationDescriptor
                0x0000000000000807       0x6d .build/obj_kb_default/descriptor.o
                0x0000000000000807                ConfigurationDescriptor
 .progmem.data.DeviceDescriptor
                0x0000000000000874       0x12 .build/obj_kb_default/descriptor.o
                0x0000000000000874                DeviceDescriptor
 .progmem.data.NKROReport
                0x0000000000000886       0x39 .build/obj_kb_default/descriptor.o
                0x0000000000000886                NKROReport
 .progmem.data.ExtrakeyReport
                0x00000000000008bf       0x36 .build/obj_kb_default/descriptor.o
                0x00000000000008bf                ExtrakeyReport
 .progmem.data.MouseReport
                0x00000000000008f5       0x4d .build/obj_kb_default/descriptor.o
                0x00000000000008f5                MouseReport
 .progmem.data.KeyboardReport
                0x0000000000000942       0x40 .build/obj_kb_default/descriptor.o
                0x0000000000000942                KeyboardReport
                0x0000000000000982                . = ALIGN (0x2)
 *(.jumptables)
 *(.jumptables*)
 *(.lowtext)
 *(.lowtext*)
                0x0000000000000982                __ctors_start = .
 *(.ctors)
                0x0000000000000982                __ctors_end = .
                0x0000000000000982                __dtors_start = .
 *(.dtors)
                0x0000000000000982                __dtors_end = .
 SORT(*)(.ctors)
 SORT(*)(.dtors)
 *(.init0)
 .init0         0x0000000000000982        0x0 /usr/lib/gcc/avr/5.4.0/../../../avr/lib/avr5/crtatmega32u4.o
                0x0000000000000982                __init
 *(.init0)
 *(.init1)
 *(.init1)
 *(.init2)
 .init2         0x0000000000000982        0xc /usr/lib/gcc/avr/5.4.0/../../../avr/lib/avr5/crtatmega32u4.o
 *(.init2)
 *(.init3)
 .init3         0x000000000000098e       0x54 .build/obj_kb_default/common/avr/bootloader.o
                0x000000000000098e                bootloader_jump_after_watchdog_reset
 *(.init3)
 *(.init4)
 .init4         0x00000000000009e2       0x16 /usr/lib/gcc/avr/5.4.0/avr5/libgcc.a(_copy_data.o)
                0x00000000000009e2                __do_copy_data
 .init4         0x00000000000009f8       0x10 /usr/lib/gcc/avr/5.4.0/avr5/libgcc.a(_clear_bss.o)
                0x00000000000009f8                __do_clear_bss
 *(.init4)
 *(.init5)
 *(.init5)
 *(.init6)
 *(.init6)
 *(.init7)
 *(.init7)
 *(.init8)
 *(.init8)
 *(.init9)
 .init9         0x0000000000000a08        0x8 /usr/lib/gcc/avr/5.4.0/../../../avr/lib/avr5/crtatmega32u4.o
 *(.init9)
 *(.text)
 .text          0x0000000000000a10        0x4 /usr/lib/gcc/avr/5.4.0/../../../avr/lib/avr5/crtatmega32u4.o
                0x0000000000000a10                __vector_38
                0x0000000000000a10                __vector_22
                0x0000000000000a10                __vector_28
                0x0000000000000a10                __vector_1
                0x0000000000000a10                __vector_32
                0x0000000000000a10                __vector_34
                0x0000000000000a10                __vector_24
                0x0000000000000a10                __bad_interrupt
                0x0000000000000a10                __vector_6
                0x0000000000000a10                __vector_31
                0x0000000000000a10                __vector_35
                0x0000000000000a10                __vector_39
                0x0000000000000a10                __vector_3
                0x0000000000000a10                __vector_23
                0x0000000000000a10                __vector_30
                0x0000000000000a10                __vector_25
                0x0000000000000a10                __vector_13
                0x0000000000000a10                __vector_17
                0x0000000000000a10                __vector_19
                0x0000000000000a10                __vector_7
                0x0000000000000a10                __vector_41
                0x0000000000000a10                __vector_27
                0x0000000000000a10                __vector_5
                0x0000000000000a10                __vector_33
                0x0000000000000a10                __vector_37
                0x0000000000000a10                __vector_4
                0x0000000000000a10                __vector_9
                0x0000000000000a10                __vector_2
                0x0000000000000a10                __vector_15
                0x0000000000000a10                __vector_36
                0x0000000000000a10                __vector_29
                0x0000000000000a10                __vector_40
                0x0000000000000a10                __vector_8
                0x0000000000000a10                __vector_26
                0x0000000000000a10                __vector_14
                0x0000000000000a10                __vector_16
                0x0000000000000a10                __vector_18
                0x0000000000000a10                __vector_20
                0x0000000000000a10                __vector_42
                0x0000000000000a14                . = ALIGN (0x2)
 *(.text.*)
 .text.press_three_keys
                0x0000000000000a14       0x34 .build/obj_kb_default/keyboards/kb/keymaps/default/keymap.o
                0x0000000000000a14                press_three_keys
 .text.process_record_user
                0x0000000000000a48       0x26 .build/obj_kb_default/keyboards/kb/keymaps/default/keymap.o
                0x0000000000000a48                process_record_user
 .text.matrix_init_user
                0x0000000000000a6e        0x2 .build/obj_kb_default/keyboards/kb/keymaps/default/keymap.o
                0x0000000000000a6e                matrix_init_user
 .text.matrix_scan_user
                0x0000000000000a70        0x2 .build/obj_kb_default/keyboards/kb/keymaps/default/keymap.o
                0x0000000000000a70                matrix_scan_user
 .text.led_set_user
                0x0000000000000a72        0x2 .build/obj_kb_default/keyboards/kb/keymaps/default/keymap.o
                0x0000000000000a72                led_set_user
 .text.process_action_kb
                0x0000000000000a74        0x4 .build/obj_kb_default/quantum/quantum.o
                0x0000000000000a74                process_action_kb
 .text.process_record_kb
                0x0000000000000a78        0x4 .build/obj_kb_default/quantum/quantum.o
                0x0000000000000a78                process_record_kb
 .text.reset_keyboard
                0x0000000000000a7c       0x1a .build/obj_kb_default/quantum/quantum.o
                0x0000000000000a7c                reset_keyboard
 .text.process_record_quantum
                0x0000000000000a96      0x2de .build/obj_kb_default/quantum/quantum.o
                0x0000000000000a96                process_record_quantum
 .text.matrix_init_quantum
                0x0000000000000d74        0x4 .build/obj_kb_default/quantum/quantum.o
                0x0000000000000d74                matrix_init_quantum
 .text.matrix_scan_quantum
                0x0000000000000d78        0x4 .build/obj_kb_default/quantum/quantum.o
                0x0000000000000d78                matrix_scan_quantum
 .text.led_set_kb
                0x0000000000000d7c        0x4 .build/obj_kb_default/quantum/quantum.o
                0x0000000000000d7c                led_set_kb
 .text.led_set  0x0000000000000d80        0x4 .build/obj_kb_default/quantum/quantum.o
                0x0000000000000d80                led_set
 .text.action_get_macro
                0x0000000000000d84        0x6 .build/obj_kb_default/quantum/keymap_common.o
                0x0000000000000d84                action_get_macro
 .text.action_function
                0x0000000000000d8a        0x2 .build/obj_kb_default/quantum/keymap_common.o
                0x0000000000000d8a                action_function
 .text.keymap_key_to_keycode
                0x0000000000000d8c       0x26 .build/obj_kb_default/quantum/keymap_common.o
                0x0000000000000d8c                keymap_key_to_keycode
 .text.keymap_function_id_to_action
                0x0000000000000db2       0x10 .build/obj_kb_default/quantum/keymap_common.o
                0x0000000000000db2                keymap_function_id_to_action
 .text.action_for_key
                0x0000000000000dc2      0x2f2 .build/obj_kb_default/quantum/keymap_common.o
                0x0000000000000dc2                action_for_key
 .text.keycode_config
                0x00000000000010b4       0xf8 .build/obj_kb_default/quantum/keycode_config.o
                0x00000000000010b4                keycode_config
 .text.leader_start
                0x00000000000011ac        0x2 .build/obj_kb_default/quantum/process_keycode/process_leader.o
                0x00000000000011ac                leader_start
 .text.process_leader
                0x00000000000011ae       0x9e .build/obj_kb_default/quantum/process_keycode/process_leader.o
                0x00000000000011ae                process_leader
 .text.matrix_init_kb
                0x000000000000124c        0x4 .build/obj_kb_default/quantum/matrix.o
                0x000000000000124c                matrix_init_kb
 .text.matrix_scan_kb
                0x0000000000001250        0x4 .build/obj_kb_default/quantum/matrix.o
                0x0000000000001250                matrix_scan_kb
 .text.matrix_init
                0x0000000000001254       0xa6 .build/obj_kb_default/quantum/matrix.o
                0x0000000000001254                matrix_init
 .text.matrix_scan
                0x00000000000012fa      0x154 .build/obj_kb_default/quantum/matrix.o
                0x00000000000012fa                matrix_scan
 .text.matrix_get_row
                0x000000000000144e        0xc .build/obj_kb_default/quantum/matrix.o
                0x000000000000144e                matrix_get_row
 .text.matrix_print
                0x000000000000145a        0x2 .build/obj_kb_default/quantum/matrix.o
                0x000000000000145a                matrix_print
 .text.ws2812_sendarray_mask
                0x000000000000145c       0x42 .build/obj_kb_default/quantum/light_ws2812.o
                0x000000000000145c                ws2812_sendarray_mask
 .text.ws2812_setleds_pin
                0x000000000000149e       0x22 .build/obj_kb_default/quantum/light_ws2812.o
                0x000000000000149e                ws2812_setleds_pin
 .text.ws2812_setleds
                0x00000000000014c0        0x6 .build/obj_kb_default/quantum/light_ws2812.o
                0x00000000000014c0                ws2812_setleds
 .text.sethsv   0x00000000000014c6       0xe8 .build/obj_kb_default/quantum/rgblight.o
                0x00000000000014c6                sethsv
 .text.eeconfig_read_rgblight
                0x00000000000015ae        0x8 .build/obj_kb_default/quantum/rgblight.o
                0x00000000000015ae                eeconfig_read_rgblight
 .text.eeconfig_update_rgblight
                0x00000000000015b6        0xc .build/obj_kb_default/quantum/rgblight.o
                0x00000000000015b6                eeconfig_update_rgblight
 .text.eeconfig_update_rgblight_default
                0x00000000000015c2       0x26 .build/obj_kb_default/quantum/rgblight.o
                0x00000000000015c2                eeconfig_update_rgblight_default
 .text.rgblight_set
                0x00000000000015e8       0x2c .build/obj_kb_default/quantum/rgblight.o
                0x00000000000015e8                rgblight_set
 .text.rgblight_setrgb
                0x0000000000001614       0x14 .build/obj_kb_default/quantum/rgblight.o
                0x0000000000001614                rgblight_setrgb
 .text.rgblight_sethsv_noeeprom
                0x0000000000001628       0x92 .build/obj_kb_default/quantum/rgblight.o
                0x0000000000001628                rgblight_sethsv_noeeprom
 .text.rgblight_sethsv
                0x00000000000016ba       0xa8 .build/obj_kb_default/quantum/rgblight.o
                0x00000000000016ba                rgblight_sethsv
 .text.rgblight_increase_hue
                0x0000000000001762       0x30 .build/obj_kb_default/quantum/rgblight.o
                0x0000000000001762                rgblight_increase_hue
 .text.rgblight_decrease_hue
                0x0000000000001792       0x3e .build/obj_kb_default/quantum/rgblight.o
                0x0000000000001792                rgblight_decrease_hue
 .text.rgblight_increase_sat
                0x00000000000017d0       0x36 .build/obj_kb_default/quantum/rgblight.o
                0x00000000000017d0                rgblight_increase_sat
 .text.rgblight_decrease_sat
                0x0000000000001806       0x34 .build/obj_kb_default/quantum/rgblight.o
                0x0000000000001806                rgblight_decrease_sat
 .text.rgblight_increase_val
                0x000000000000183a       0x36 .build/obj_kb_default/quantum/rgblight.o
                0x000000000000183a                rgblight_increase_val
 .text.rgblight_decrease_val
                0x0000000000001870       0x34 .build/obj_kb_default/quantum/rgblight.o
                0x0000000000001870                rgblight_decrease_val
 .text.rgblight_mode
                0x00000000000018a4       0x80 .build/obj_kb_default/quantum/rgblight.o
                0x00000000000018a4                rgblight_mode
 .text.rgblight_init
                0x0000000000001924       0x68 .build/obj_kb_default/quantum/rgblight.o
                0x0000000000001924                rgblight_init
 .text.rgblight_step
                0x000000000000198c       0x14 .build/obj_kb_default/quantum/rgblight.o
                0x000000000000198c                rgblight_step
 .text.rgblight_toggle
                0x00000000000019a0       0x4e .build/obj_kb_default/quantum/rgblight.o
                0x00000000000019a0                rgblight_toggle
 .text.rgblight_effect_breathing
                0x00000000000019ee       0x6c .build/obj_kb_default/quantum/rgblight.o
                0x00000000000019ee                rgblight_effect_breathing
 .text.rgblight_effect_rainbow_mood
                0x0000000000001a5a       0x60 .build/obj_kb_default/quantum/rgblight.o
                0x0000000000001a5a                rgblight_effect_rainbow_mood
 .text.rgblight_effect_rainbow_swirl
                0x0000000000001aba       0xa8 .build/obj_kb_default/quantum/rgblight.o
                0x0000000000001aba                rgblight_effect_rainbow_swirl
 .text.rgblight_effect_snake
                0x0000000000001b62      0x110 .build/obj_kb_default/quantum/rgblight.o
                0x0000000000001b62                rgblight_effect_snake
 .text.rgblight_effect_knight
                0x0000000000001c72      0x13e .build/obj_kb_default/quantum/rgblight.o
                0x0000000000001c72                rgblight_effect_knight
 .text.rgblight_effect_christmas
                0x0000000000001db0       0x62 .build/obj_kb_default/quantum/rgblight.o
                0x0000000000001db0                rgblight_effect_christmas
 .text.rgblight_task
                0x0000000000001e12       0x66 .build/obj_kb_default/quantum/rgblight.o
                0x0000000000001e12                rgblight_task
 .text.host_set_driver
                0x0000000000001e78        0xa .build/obj_kb_default/common/host.o
                0x0000000000001e78                host_set_driver
 .text.host_keyboard_leds
                0x0000000000001e82       0x18 .build/obj_kb_default/common/host.o
                0x0000000000001e82                host_keyboard_leds
 .text.host_keyboard_send
                0x0000000000001e9a       0x16 .build/obj_kb_default/common/host.o
                0x0000000000001e9a                host_keyboard_send
 .text.host_mouse_send
                0x0000000000001eb0       0x16 .build/obj_kb_default/common/host.o
                0x0000000000001eb0                host_mouse_send
 .text.host_system_send
                0x0000000000001ec6       0x2c .build/obj_kb_default/common/host.o
                0x0000000000001ec6                host_system_send
 .text.host_consumer_send
                0x0000000000001ef2       0x2c .build/obj_kb_default/common/host.o
                0x0000000000001ef2                host_consumer_send
 .text.matrix_setup
                0x0000000000001f1e        0x2 .build/obj_kb_default/common/keyboard.o
                0x0000000000001f1e                matrix_setup
 .text.keyboard_setup
                0x0000000000001f20        0x4 .build/obj_kb_default/common/keyboard.o
                0x0000000000001f20                keyboard_setup
 .text.keyboard_init
                0x0000000000001f24       0x10 .build/obj_kb_default/common/keyboard.o
                0x0000000000001f24                keyboard_init
 .text.keyboard_task
                0x0000000000001f34      0x148 .build/obj_kb_default/common/keyboard.o
                0x0000000000001f34                keyboard_task
 .text.action_exec
                0x000000000000207c       0x5c .build/obj_kb_default/common/action.o
                0x000000000000207c                action_exec
 .text.register_code
                0x00000000000020d8      0x190 .build/obj_kb_default/common/action.o
                0x00000000000020d8                register_code
 .text.unregister_code
                0x0000000000002268       0x9e .build/obj_kb_default/common/action.o
                0x0000000000002268                unregister_code
 .text.register_mods
                0x0000000000002306        0xe .build/obj_kb_default/common/action.o
                0x0000000000002306                register_mods
 .text.unregister_mods
                0x0000000000002314        0xe .build/obj_kb_default/common/action.o
                0x0000000000002314                unregister_mods
 .text.process_action
                0x0000000000002322      0x412 .build/obj_kb_default/common/action.o
                0x0000000000002322                process_action
 .text.process_record
                0x0000000000002734       0x5c .build/obj_kb_default/common/action.o
                0x0000000000002734                process_record
 .text.clear_keyboard_but_mods
                0x0000000000002790       0x28 .build/obj_kb_default/common/action.o
                0x0000000000002790                clear_keyboard_but_mods
 .text.clear_keyboard
                0x00000000000027b8        0x8 .build/obj_kb_default/common/action.o
                0x00000000000027b8                clear_keyboard
 .text.is_tap_key
                0x00000000000027c0       0x4c .build/obj_kb_default/common/action.o
                0x00000000000027c0                is_tap_key
 .text.debug_event
                0x000000000000280c       0x1e .build/obj_kb_default/common/action.o
                0x000000000000280c                debug_event
 .text.debug_record
                0x000000000000282a       0x20 .build/obj_kb_default/common/action.o
                0x000000000000282a                debug_record
 .text.debug_waiting_buffer
                0x000000000000284a       0x42 .build/obj_kb_default/common/action_tapping.o
 .text.debug_tapping_key
                0x000000000000288c       0x1c .build/obj_kb_default/common/action_tapping.o
 .text.waiting_buffer_scan_tap
                0x00000000000028a8       0xd0 .build/obj_kb_default/common/action_tapping.o
 .text.process_tapping
                0x0000000000002978      0x3c0 .build/obj_kb_default/common/action_tapping.o
 .text.action_tapping_process
                0x0000000000002d38      0x15c .build/obj_kb_default/common/action_tapping.o
                0x0000000000002d38                action_tapping_process
 .text.action_macro_play
                0x0000000000002e94       0xfa .build/obj_kb_default/common/action_macro.o
                0x0000000000002e94                action_macro_play
 .text.default_layer_debug
                0x0000000000002f8e        0x2 .build/obj_kb_default/common/action_layer.o
                0x0000000000002f8e                default_layer_debug
 .text.default_layer_set
                0x0000000000002f90       0x14 .build/obj_kb_default/common/action_layer.o
                0x0000000000002f90                default_layer_set
 .text.default_layer_or
                0x0000000000002fa4       0x38 .build/obj_kb_default/common/action_layer.o
                0x0000000000002fa4                default_layer_or
 .text.default_layer_and
                0x0000000000002fdc       0x38 .build/obj_kb_default/common/action_layer.o
                0x0000000000002fdc                default_layer_and
 .text.default_layer_xor
                0x0000000000003014       0x38 .build/obj_kb_default/common/action_layer.o
                0x0000000000003014                default_layer_xor
 .text.layer_clear
                0x000000000000304c       0x14 .build/obj_kb_default/common/action_layer.o
                0x000000000000304c                layer_clear
 .text.layer_move
                0x0000000000003060       0x2a .build/obj_kb_default/common/action_layer.o
                0x0000000000003060                layer_move
 .text.layer_on
                0x000000000000308a       0x42 .build/obj_kb_default/common/action_layer.o
                0x000000000000308a                layer_on
 .text.layer_off
                0x00000000000030cc       0x4a .build/obj_kb_default/common/action_layer.o
                0x00000000000030cc                layer_off
 .text.layer_invert
                0x0000000000003116       0x42 .build/obj_kb_default/common/action_layer.o
                0x0000000000003116                layer_invert
 .text.layer_or
                0x0000000000003158       0x38 .build/obj_kb_default/common/action_layer.o
                0x0000000000003158                layer_or
 .text.layer_and
                0x0000000000003190       0x38 .build/obj_kb_default/common/action_layer.o
                0x0000000000003190                layer_and
 .text.layer_xor
                0x00000000000031c8       0x38 .build/obj_kb_default/common/action_layer.o
                0x00000000000031c8                layer_xor
 .text.layer_debug
                0x0000000000003200        0x2 .build/obj_kb_default/common/action_layer.o
                0x0000000000003200                layer_debug
 .text.update_source_layers_cache
                0x0000000000003202       0x58 .build/obj_kb_default/common/action_layer.o
                0x0000000000003202                update_source_layers_cache
 .text.read_source_layers_cache
                0x000000000000325a       0x5a .build/obj_kb_default/common/action_layer.o
                0x000000000000325a                read_source_layers_cache
 .text.layer_switch_get_layer
                0x00000000000032b4       0x7e .build/obj_kb_default/common/action_layer.o
                0x00000000000032b4                layer_switch_get_layer
 .text.layer_switch_get_action
                0x0000000000003332       0x16 .build/obj_kb_default/common/action_layer.o
                0x0000000000003332                layer_switch_get_action
 .text.store_or_get_action
                0x0000000000003348       0x46 .build/obj_kb_default/common/action_layer.o
                0x0000000000003348                store_or_get_action
 .text.get_oneshot_layer
                0x000000000000338e        0xc .build/obj_kb_default/common/action_util.o
                0x000000000000338e                get_oneshot_layer
 .text.get_oneshot_layer_state
                0x000000000000339a        0x8 .build/obj_kb_default/common/action_util.o
                0x000000000000339a                get_oneshot_layer_state
 .text.set_oneshot_layer
                0x00000000000033a2       0x12 .build/obj_kb_default/common/action_util.o
                0x00000000000033a2                set_oneshot_layer
 .text.clear_oneshot_layer_state
                0x00000000000033b4       0x2e .build/obj_kb_default/common/action_util.o
                0x00000000000033b4                clear_oneshot_layer_state
 .text.is_oneshot_layer_active
                0x00000000000033e2        0xe .build/obj_kb_default/common/action_util.o
                0x00000000000033e2                is_oneshot_layer_active
 .text.add_key  0x00000000000033f0       0x7e .build/obj_kb_default/common/action_util.o
                0x00000000000033f0                add_key
 .text.del_key  0x000000000000346e       0x66 .build/obj_kb_default/common/action_util.o
                0x000000000000346e                del_key
 .text.clear_keys
                0x00000000000034d4       0x1c .build/obj_kb_default/common/action_util.o
                0x00000000000034d4                clear_keys
 .text.add_mods
                0x00000000000034f0        0xc .build/obj_kb_default/common/action_util.o
                0x00000000000034f0                add_mods
 .text.del_mods
                0x00000000000034fc        0xe .build/obj_kb_default/common/action_util.o
                0x00000000000034fc                del_mods
 .text.clear_mods
                0x000000000000350a        0x6 .build/obj_kb_default/common/action_util.o
                0x000000000000350a                clear_mods
 .text.add_weak_mods
                0x0000000000003510        0xc .build/obj_kb_default/common/action_util.o
                0x0000000000003510                add_weak_mods
 .text.del_weak_mods
                0x000000000000351c        0xe .build/obj_kb_default/common/action_util.o
                0x000000000000351c                del_weak_mods
 .text.clear_weak_mods
                0x000000000000352a        0x6 .build/obj_kb_default/common/action_util.o
                0x000000000000352a                clear_weak_mods
 .text.add_macro_mods
                0x0000000000003530        0xc .build/obj_kb_default/common/action_util.o
                0x0000000000003530                add_macro_mods
 .text.del_macro_mods
                0x000000000000353c        0xe .build/obj_kb_default/common/action_util.o
                0x000000000000353c                del_macro_mods
 .text.clear_macro_mods
                0x000000000000354a        0x6 .build/obj_kb_default/common/action_util.o
                0x000000000000354a                clear_macro_mods
 .text.set_oneshot_mods
                0x0000000000003550        0x6 .build/obj_kb_default/common/action_util.o
                0x0000000000003550                set_oneshot_mods
 .text.clear_oneshot_mods
                0x0000000000003556        0x6 .build/obj_kb_default/common/action_util.o
                0x0000000000003556                clear_oneshot_mods
 .text.has_anykey
                0x000000000000355c       0x22 .build/obj_kb_default/common/action_util.o
                0x000000000000355c                has_anykey
 .text.send_keyboard_report
                0x000000000000357e       0x5e .build/obj_kb_default/common/action_util.o
                0x000000000000357e                send_keyboard_report
 .text.eeconfig_init
                0x00000000000035dc       0x42 .build/obj_kb_default/common/eeconfig.o
                0x00000000000035dc                eeconfig_init
 .text.eeconfig_is_enabled
                0x000000000000361e       0x16 .build/obj_kb_default/common/eeconfig.o
                0x000000000000361e                eeconfig_is_enabled
 .text.eeconfig_read_debug
                0x0000000000003634        0x8 .build/obj_kb_default/common/eeconfig.o
                0x0000000000003634                eeconfig_read_debug
 .text.eeconfig_update_debug
                0x000000000000363c        0xa .build/obj_kb_default/common/eeconfig.o
                0x000000000000363c                eeconfig_update_debug
 .text.eeconfig_read_default_layer
                0x0000000000003646        0x8 .build/obj_kb_default/common/eeconfig.o
                0x0000000000003646                eeconfig_read_default_layer
 .text.eeconfig_update_default_layer
                0x000000000000364e        0xa .build/obj_kb_default/common/eeconfig.o
                0x000000000000364e                eeconfig_update_default_layer
 .text.eeconfig_read_keymap
                0x0000000000003658        0x8 .build/obj_kb_default/common/eeconfig.o
                0x0000000000003658                eeconfig_read_keymap
 .text.eeconfig_update_keymap
                0x0000000000003660        0xa .build/obj_kb_default/common/eeconfig.o
                0x0000000000003660                eeconfig_update_keymap
 .text.suspend_power_down
                0x000000000000366a       0x58 .build/obj_kb_default/common/avr/suspend.o
                0x000000000000366a                suspend_power_down
 .text.matrix_power_down
                0x00000000000036c2        0x2 .build/obj_kb_default/common/avr/suspend.o
                0x00000000000036c2                matrix_power_down
 .text.matrix_power_up
                0x00000000000036c4        0x4 .build/obj_kb_default/common/avr/suspend.o
                0x00000000000036c4                matrix_power_up
 .text.suspend_wakeup_condition
                0x00000000000036c8       0x28 .build/obj_kb_default/common/avr/suspend.o
                0x00000000000036c8                suspend_wakeup_condition
 .text.suspend_wakeup_init
                0x00000000000036f0        0xc .build/obj_kb_default/common/avr/suspend.o
                0x00000000000036f0                suspend_wakeup_init
 .text.__vector_12
                0x00000000000036fc       0x52 .build/obj_kb_default/common/avr/suspend.o
                0x00000000000036fc                __vector_12
 .text.timer_init
                0x000000000000374e       0x12 .build/obj_kb_default/common/avr/timer.o
                0x000000000000374e                timer_init
 .text.timer_read
                0x0000000000003760       0x18 .build/obj_kb_default/common/avr/timer.o
                0x0000000000003760                timer_read
 .text.timer_elapsed
                0x0000000000003778       0x54 .build/obj_kb_default/common/avr/timer.o
                0x0000000000003778                timer_elapsed
 .text.__vector_21
                0x00000000000037cc       0x4a .build/obj_kb_default/common/avr/timer.o
                0x00000000000037cc                __vector_21
 .text.bootloader_jump
                0x0000000000003816       0x44 .build/obj_kb_default/common/avr/bootloader.o
                0x0000000000003816                bootloader_jump
 .text.scan_keycode
                0x000000000000385a       0x6c .build/obj_kb_default/common/bootmagic.o
 .text.bootmagic_scan_keycode
                0x00000000000038c6       0x1c .build/obj_kb_default/common/bootmagic.o
                0x00000000000038c6                bootmagic_scan_keycode
 .text.bootmagic
                0x00000000000038e2      0x252 .build/obj_kb_default/common/bootmagic.o
                0x00000000000038e2                bootmagic
 .text.move_unit
                0x0000000000003b34       0x92 .build/obj_kb_default/common/mousekey.o
 .text.wheel_unit
                0x0000000000003bc6       0x72 .build/obj_kb_default/common/mousekey.o
 .text.mousekey_on
                0x0000000000003c38       0xd0 .build/obj_kb_default/common/mousekey.o
                0x0000000000003c38                mousekey_on
 .text.mousekey_off
                0x0000000000003d08      0x10a .build/obj_kb_default/common/mousekey.o
                0x0000000000003d08                mousekey_off
 .text.mousekey_send
                0x0000000000003e12       0x16 .build/obj_kb_default/common/mousekey.o
                0x0000000000003e12                mousekey_send
 .text.mousekey_task
                0x0000000000003e28      0x14a .build/obj_kb_default/common/mousekey.o
                0x0000000000003e28                mousekey_task
 .text.mousekey_clear
                0x0000000000003f72       0x18 .build/obj_kb_default/common/mousekey.o
                0x0000000000003f72                mousekey_clear
 .text.keyboard_leds
                0x0000000000003f8a        0x6 .build/obj_kb_default/lufa.o
 .text.send_consumer
                0x0000000000003f90       0x68 .build/obj_kb_default/lufa.o
 .text.send_system
                0x0000000000003ff8       0x6c .build/obj_kb_default/lufa.o
 .text.send_mouse
                0x0000000000004064       0x46 .build/obj_kb_default/lufa.o
 .text.send_keyboard
                0x00000000000040aa       0xa2 .build/obj_kb_default/lufa.o
 .text.EVENT_USB_Device_Connect
                0x000000000000414c       0x1c .build/obj_kb_default/lufa.o
                0x000000000000414c                EVENT_USB_Device_Connect
 .text.EVENT_USB_Device_Disconnect
                0x0000000000004168        0x6 .build/obj_kb_default/lufa.o
                0x0000000000004168                EVENT_USB_Device_Disconnect
 .text.EVENT_USB_Device_Reset
                0x000000000000416e        0x2 .build/obj_kb_default/lufa.o
                0x000000000000416e                EVENT_USB_Device_Reset
 .text.EVENT_USB_Device_Suspend
                0x0000000000004170        0x2 .build/obj_kb_default/lufa.o
                0x0000000000004170                EVENT_USB_Device_Suspend
 .text.EVENT_USB_Device_WakeUp
                0x0000000000004172        0x4 .build/obj_kb_default/lufa.o
                0x0000000000004172                EVENT_USB_Device_WakeUp
 .text.EVENT_USB_Device_ConfigurationChanged
                0x0000000000004176       0x28 .build/obj_kb_default/lufa.o
                0x0000000000004176                EVENT_USB_Device_ConfigurationChanged
 .text.EVENT_USB_Device_ControlRequest
                0x000000000000419e      0x164 .build/obj_kb_default/lufa.o
                0x000000000000419e                EVENT_USB_Device_ControlRequest
 .text.startup.main
                0x0000000000004302       0x7a .build/obj_kb_default/lufa.o
                0x0000000000004302                main
 .text.CALLBACK_USB_GetDescriptor
                0x000000000000437c       0xac .build/obj_kb_default/descriptor.o
                0x000000000000437c                CALLBACK_USB_GetDescriptor
 .text.USB_Device_SendRemoteWakeup
                0x0000000000004428       0x2c .build/obj_kb_default/protocol/lufa/LUFA-git/LUFA/Drivers/USB/Core/AVR8/Device_AVR8.o
                0x0000000000004428                USB_Device_SendRemoteWakeup
 .text.Endpoint_Write_Stream_LE
                0x0000000000004454       0x96 .build/obj_kb_default/protocol/lufa/LUFA-git/LUFA/Drivers/USB/Core/AVR8/EndpointStream_AVR8.o
                0x0000000000004454                Endpoint_Write_Stream_LE
 .text.Endpoint_Write_Control_Stream_LE
                0x00000000000044ea       0xbc .build/obj_kb_default/protocol/lufa/LUFA-git/LUFA/Drivers/USB/Core/AVR8/EndpointStream_AVR8.o
                0x00000000000044ea                Endpoint_Write_Control_Stream_LE
 .text.Endpoint_Write_Control_PStream_LE
                0x00000000000045a6       0xc2 .build/obj_kb_default/protocol/lufa/LUFA-git/LUFA/Drivers/USB/Core/AVR8/EndpointStream_AVR8.o
                0x00000000000045a6                Endpoint_Write_Control_PStream_LE
 .text.Endpoint_ConfigureEndpoint_Prv
                0x0000000000004668       0x6a .build/obj_kb_default/protocol/lufa/LUFA-git/LUFA/Drivers/USB/Core/AVR8/Endpoint_AVR8.o
                0x0000000000004668                Endpoint_ConfigureEndpoint_Prv
 .text.Endpoint_ClearStatusStage
                0x00000000000046d2       0x3e .build/obj_kb_default/protocol/lufa/LUFA-git/LUFA/Drivers/USB/Core/AVR8/Endpoint_AVR8.o
                0x00000000000046d2                Endpoint_ClearStatusStage
 .text.Endpoint_WaitUntilReady
                0x0000000000004710       0x66 .build/obj_kb_default/protocol/lufa/LUFA-git/LUFA/Drivers/USB/Core/AVR8/Endpoint_AVR8.o
                0x0000000000004710                Endpoint_WaitUntilReady
 .text.USB_Disable
                0x0000000000004776       0x34 .build/obj_kb_default/protocol/lufa/LUFA-git/LUFA/Drivers/USB/Core/AVR8/USBController_AVR8.o
                0x0000000000004776                USB_Disable
 .text.USB_ResetInterface
                0x00000000000047aa       0x86 .build/obj_kb_default/protocol/lufa/LUFA-git/LUFA/Drivers/USB/Core/AVR8/USBController_AVR8.o
                0x00000000000047aa                USB_ResetInterface
 .text.USB_Init
                0x0000000000004830       0x22 .build/obj_kb_default/protocol/lufa/LUFA-git/LUFA/Drivers/USB/Core/AVR8/USBController_AVR8.o
                0x0000000000004830                USB_Init
 .text.USB_INT_DisableAllInterrupts
                0x0000000000004852       0x10 .build/obj_kb_default/protocol/lufa/LUFA-git/LUFA/Drivers/USB/Core/AVR8/USBInterrupt_AVR8.o
                0x0000000000004852                USB_INT_DisableAllInterrupts
 .text.USB_INT_ClearAllInterrupts
                0x0000000000004862        0xa .build/obj_kb_default/protocol/lufa/LUFA-git/LUFA/Drivers/USB/Core/AVR8/USBInterrupt_AVR8.o
                0x0000000000004862                USB_INT_ClearAllInterrupts
 .text.__vector_10
                0x000000000000486c      0x1a4 .build/obj_kb_default/protocol/lufa/LUFA-git/LUFA/Drivers/USB/Core/AVR8/USBInterrupt_AVR8.o
                0x000000000000486c                __vector_10
 .text.__vector_11
                0x0000000000004a10       0x88 .build/obj_kb_default/protocol/lufa/LUFA-git/LUFA/Drivers/USB/Core/AVR8/USBInterrupt_AVR8.o
                0x0000000000004a10                __vector_11
 .text.USB_Device_ProcessControlRequest
                0x0000000000004a98      0x2ac .build/obj_kb_default/protocol/lufa/LUFA-git/LUFA/Drivers/USB/Core/DeviceStandardReq.o
                0x0000000000004a98                USB_Device_ProcessControlRequest
 .text.USB_Event_Stub
                0x0000000000004d44        0x2 .build/obj_kb_default/protocol/lufa/LUFA-git/LUFA/Drivers/USB/Core/Events.o
                0x0000000000004d44                USB_Event_Stub
                0x0000000000004d44                EVENT_USB_Device_StartOfFrame
 .text.USB_USBTask
                0x0000000000004d46       0x36 .build/obj_kb_default/protocol/lufa/LUFA-git/LUFA/Drivers/USB/Core/USBTask.o
                0x0000000000004d46                USB_USBTask
 .text.avr-libc.fplib
                0x0000000000004d7c        0xe /usr/lib/gcc/avr/5.4.0/../../../avr/lib/avr5/libm.a(fixsfsi.o)
                0x0000000000004d7c                __fixsfsi
 .text.avr-libc.fplib
                0x0000000000004d8a       0x5e /usr/lib/gcc/avr/5.4.0/../../../avr/lib/avr5/libm.a(fixunssfsi.o)
                0x0000000000004d8a                __fixunssfsi
 .text.avr-libc.fplib
                0x0000000000004de8       0x7a /usr/lib/gcc/avr/5.4.0/../../../avr/lib/avr5/libm.a(floatsisf.o)
                0x0000000000004de8                __floatunsisf
                0x0000000000004dec                __floatsisf
 .text.avr-libc.fplib
                0x0000000000004e62       0x44 /usr/lib/gcc/avr/5.4.0/../../../avr/lib/avr5/libm.a(fp_split3.o)
                0x0000000000004e62                __fp_split3
                0x0000000000004e72                __fp_splitA
 .text.avr-libc.fplib
                0x0000000000004ea6        0xe /usr/lib/gcc/avr/5.4.0/../../../avr/lib/avr5/libm.a(fp_zero.o)
                0x0000000000004ea6                __fp_zero
                0x0000000000004ea8                __fp_szero
 .text.avr-libc.fplib
                0x0000000000004eb4        0x8 /usr/lib/gcc/avr/5.4.0/../../../avr/lib/avr5/libm.a(mulsf3.o)
                0x0000000000004eb4                __mulsf3
 .text.avr-libc.fplib
                0x0000000000004ebc       0xd2 /usr/lib/gcc/avr/5.4.0/../../../avr/lib/avr5/libm.a(mulsf3x.o)
                0x0000000000004eda                __mulsf3x
                0x0000000000004ee0                __mulsf3_pse
 .text.avr-libc.fplib
                0x0000000000004f8e        0xc /usr/lib/gcc/avr/5.4.0/../../../avr/lib/avr5/libm.a(fp_inf.o)
                0x0000000000004f8e                __fp_inf
 .text.avr-libc.fplib
                0x0000000000004f9a        0x6 /usr/lib/gcc/avr/5.4.0/../../../avr/lib/avr5/libm.a(fp_nan.o)
                0x0000000000004f9a                __fp_nan
 .text.avr-libc.fplib
                0x0000000000004fa0        0xe /usr/lib/gcc/avr/5.4.0/../../../avr/lib/avr5/libm.a(fp_pscA.o)
                0x0000000000004fa0                __fp_pscA
 .text.avr-libc.fplib
                0x0000000000004fae        0xe /usr/lib/gcc/avr/5.4.0/../../../avr/lib/avr5/libm.a(fp_pscB.o)
                0x0000000000004fae                __fp_pscB
 .text.avr-libc.fplib
                0x0000000000004fbc       0x22 /usr/lib/gcc/avr/5.4.0/../../../avr/lib/avr5/libm.a(fp_round.o)
                0x0000000000004fbc                __fp_round
 .text.libgcc.div
                0x0000000000004fde       0x28 /usr/lib/gcc/avr/5.4.0/avr5/libgcc.a(_udivmodhi4.o)
                0x0000000000004fde                __udivmodhi4
 .text.libgcc.div
                0x0000000000005006       0x28 /usr/lib/gcc/avr/5.4.0/avr5/libgcc.a(_divmodhi4.o)
                0x0000000000005006                __divmodhi4
                0x0000000000005006                _div
 .text.libgcc   0x000000000000502e        0xc /usr/lib/gcc/avr/5.4.0/avr5/libgcc.a(_tablejump2.o)
                0x000000000000502e                __tablejump2__
 .text.avr-libc
                0x000000000000503a       0x10 /usr/lib/gcc/avr/5.4.0/../../../avr/lib/avr5/libatmega32u4.a(eerd_byte.o)
                0x000000000000503a                eeprom_read_byte
 .text.avr-libc
                0x000000000000504a        0xc /usr/lib/gcc/avr/5.4.0/../../../avr/lib/avr5/libatmega32u4.a(eerd_dword.o)
                0x000000000000504a                eeprom_read_dword
                0x000000000000504a                eeprom_read_float
 .text.avr-libc
                0x0000000000005056        0xc /usr/lib/gcc/avr/5.4.0/../../../avr/lib/avr5/libatmega32u4.a(eerd_word.o)
                0x0000000000005056                eeprom_read_word
 .text.avr-libc
                0x0000000000005062       0x24 /usr/lib/gcc/avr/5.4.0/../../../avr/lib/avr5/libatmega32u4.a(eeupd_byte.o)
                0x0000000000005062                eeprom_update_byte
                0x0000000000005064                eeprom_update_r18
 .text.avr-libc
                0x0000000000005086       0x18 /usr/lib/gcc/avr/5.4.0/../../../avr/lib/avr5/libatmega32u4.a(eeupd_dword.o)
                0x0000000000005086                eeprom_update_dword
                0x0000000000005086                eeprom_update_float
 .text.avr-libc
                0x000000000000509e        0xc /usr/lib/gcc/avr/5.4.0/../../../avr/lib/avr5/libatmega32u4.a(eeupd_word.o)
                0x000000000000509e                eeprom_update_word
 .text.avr-libc
                0x00000000000050aa       0x20 /usr/lib/gcc/avr/5.4.0/../../../avr/lib/avr5/libatmega32u4.a(eerd_block.o)
                0x00000000000050aa                eeprom_read_block
                0x00000000000050ae                eeprom_read_blraw
                0x00000000000050ca                . = ALIGN (0x2)
 *(.fini9)
 .fini9         0x00000000000050ca        0x0 /usr/lib/gcc/avr/5.4.0/avr5/libgcc.a(_exit.o)
                0x00000000000050ca                exit
                0x00000000000050ca                _exit
 *(.fini9)
 *(.fini8)
 *(.fini8)
 *(.fini7)
 *(.fini7)
 *(.fini6)
 *(.fini6)
 *(.fini5)
 *(.fini5)
 *(.fini4)
 *(.fini4)
 *(.fini3)
 *(.fini3)
 *(.fini2)
 *(.fini2)
 *(.fini1)
 *(.fini1)
 *(.fini0)
 .fini0         0x00000000000050ca        0x4 /usr/lib/gcc/avr/5.4.0/avr5/libgcc.a(_exit.o)
 *(.fini0)
                0x00000000000050ce                _etext = .

.data           0x0000000000800100       0x34 load address 0x00000000000050ce
                0x0000000000800100                PROVIDE (__data_start, .)
 *(.data)
 *(.data*)
 .data.increment.2340
                0x0000000000800100        0x1 .build/obj_kb_default/quantum/rgblight.o
 .data.keyboard_report
                0x0000000000800101        0x2 .build/obj_kb_default/common/action_util.o
                0x0000000000800101                keyboard_report
 .data.mk_wheel_time_to_max
                0x0000000000800103        0x1 .build/obj_kb_default/common/mousekey.o
                0x0000000000800103                mk_wheel_time_to_max
 .data.mk_wheel_max_speed
                0x0000000000800104        0x1 .build/obj_kb_default/common/mousekey.o
                0x0000000000800104                mk_wheel_max_speed
 .data.mk_time_to_max
                0x0000000000800105        0x1 .build/obj_kb_default/common/mousekey.o
                0x0000000000800105                mk_time_to_max
 .data.mk_max_speed
                0x0000000000800106        0x1 .build/obj_kb_default/common/mousekey.o
                0x0000000000800106                mk_max_speed
 .data.mk_interval
                0x0000000000800107        0x1 .build/obj_kb_default/common/mousekey.o
                0x0000000000800107                mk_interval
 .data.mk_delay
                0x0000000000800108        0x1 .build/obj_kb_default/common/mousekey.o
                0x0000000000800108                mk_delay
 .data.lufa_driver
                0x0000000000800109        0xa .build/obj_kb_default/lufa.o
                0x0000000000800109                lufa_driver
 .data.keyboard_protocol
                0x0000000000800113        0x1 .build/obj_kb_default/lufa.o
                0x0000000000800113                keyboard_protocol
 *(.rodata)
 *(.rodata*)
 .rodata.col_pins
                0x0000000000800114        0x6 .build/obj_kb_default/quantum/matrix.o
 .rodata.row_pins
                0x000000000080011a        0x6 .build/obj_kb_default/quantum/matrix.o
 .rodata.CSWTCH.3
                0x0000000000800120        0x4 .build/obj_kb_default/descriptor.o
 .rodata.CSWTCH.2
                0x0000000000800124        0x8 .build/obj_kb_default/descriptor.o
 .rodata.CSWTCH.1
                0x000000000080012c        0x8 .build/obj_kb_default/descriptor.o
 *(.gnu.linkonce.d*)
                0x0000000000800134                . = ALIGN (0x2)
                0x0000000000800134                _edata = .
                0x0000000000800134                PROVIDE (__data_end, .)

.bss            0x0000000000800134      0x112
                0x0000000000800134                PROVIDE (__bss_start, .)
 *(.bss)
 *(.bss*)
 .bss.scs_timer
                0x0000000000800134        0x2 .build/obj_kb_default/quantum/quantum.o
 .bss.shift_interrupted
                0x0000000000800136        0x2 .build/obj_kb_default/quantum/quantum.o
 .bss.leader_sequence_size
                0x0000000000800138        0x1 .build/obj_kb_default/quantum/process_keycode/process_leader.o
                0x0000000000800138                leader_sequence_size
 .bss.leader_sequence
                0x0000000000800139        0xa .build/obj_kb_default/quantum/process_keycode/process_leader.o
                0x0000000000800139                leader_sequence
 .bss.leader_time
                0x0000000000800143        0x2 .build/obj_kb_default/quantum/process_keycode/process_leader.o
                0x0000000000800143                leader_time
 .bss.leading   0x0000000000800145        0x1 .build/obj_kb_default/quantum/process_keycode/process_leader.o
                0x0000000000800145                leading
 .bss.matrix_debouncing
                0x0000000000800146        0x6 .build/obj_kb_default/quantum/matrix.o
 .bss.matrix    0x000000000080014c        0x6 .build/obj_kb_default/quantum/matrix.o
 .bss.debouncing
                0x0000000000800152        0x1 .build/obj_kb_default/quantum/matrix.o
 .bss.debouncing_time
                0x0000000000800153        0x2 .build/obj_kb_default/quantum/matrix.o
 .bss.current_offset.2356
                0x0000000000800155        0x2 .build/obj_kb_default/quantum/rgblight.o
 .bss.last_timer.2357
                0x0000000000800157        0x2 .build/obj_kb_default/quantum/rgblight.o
 .bss.pos.2333  0x0000000000800159        0x1 .build/obj_kb_default/quantum/rgblight.o
 .bss.last_timer.2334
                0x000000000080015a        0x2 .build/obj_kb_default/quantum/rgblight.o
 .bss.pos.2315  0x000000000080015c        0x1 .build/obj_kb_default/quantum/rgblight.o
 .bss.last_timer.2316
                0x000000000080015d        0x2 .build/obj_kb_default/quantum/rgblight.o
 .bss.current_hue.2302
                0x000000000080015f        0x2 .build/obj_kb_default/quantum/rgblight.o
 .bss.last_timer.2303
                0x0000000000800161        0x2 .build/obj_kb_default/quantum/rgblight.o
 .bss.current_hue.2294
                0x0000000000800163        0x2 .build/obj_kb_default/quantum/rgblight.o
 .bss.last_timer.2295
                0x0000000000800165        0x2 .build/obj_kb_default/quantum/rgblight.o
 .bss.pos.2283  0x0000000000800167        0x1 .build/obj_kb_default/quantum/rgblight.o
 .bss.last_timer.2284
                0x0000000000800168        0x2 .build/obj_kb_default/quantum/rgblight.o
 .bss.rgblight_timer_enabled
                0x000000000080016a        0x1 .build/obj_kb_default/quantum/rgblight.o
                0x000000000080016a                rgblight_timer_enabled
 .bss.rgblight_inited
                0x000000000080016b        0x1 .build/obj_kb_default/quantum/rgblight.o
                0x000000000080016b                rgblight_inited
 .bss.last_consumer_report
                0x000000000080016c        0x2 .build/obj_kb_default/common/host.o
 .bss.last_system_report
                0x000000000080016e        0x2 .build/obj_kb_default/common/host.o
 .bss.driver    0x0000000000800170        0x2 .build/obj_kb_default/common/host.o
 .bss.led_status.5189
                0x0000000000800172        0x1 .build/obj_kb_default/common/keyboard.o
 .bss.matrix_prev.5188
                0x0000000000800173        0x6 .build/obj_kb_default/common/keyboard.o
 .bss.disable_action_cache
                0x0000000000800179        0x1 .build/obj_kb_default/common/action.o
                0x0000000000800179                disable_action_cache
 .bss.waiting_buffer_tail
                0x000000000080017a        0x1 .build/obj_kb_default/common/action_tapping.o
 .bss.waiting_buffer_head
                0x000000000080017b        0x1 .build/obj_kb_default/common/action_tapping.o
 .bss.waiting_buffer
                0x000000000080017c       0x30 .build/obj_kb_default/common/action_tapping.o
 .bss.tapping_key
                0x00000000008001ac        0x6 .build/obj_kb_default/common/action_tapping.o
 .bss.source_layers_cache
                0x00000000008001b2       0x19 .build/obj_kb_default/common/action_layer.o
                0x00000000008001b2                source_layers_cache
 .bss.layer_state
                0x00000000008001cb        0x4 .build/obj_kb_default/common/action_layer.o
                0x00000000008001cb                layer_state
 .bss.default_layer_state
                0x00000000008001cf        0x4 .build/obj_kb_default/common/action_layer.o
                0x00000000008001cf                default_layer_state
 .bss.oneshot_layer_data
                0x00000000008001d3        0x1 .build/obj_kb_default/common/action_util.o
 .bss.oneshot_mods
                0x00000000008001d4        0x1 .build/obj_kb_default/common/action_util.o
 .bss.__compound_literal.0
                0x00000000008001d5       0x20 .build/obj_kb_default/common/action_util.o
 .bss.macro_mods
                0x00000000008001f5        0x1 .build/obj_kb_default/common/action_util.o
 .bss.weak_mods
                0x00000000008001f6        0x1 .build/obj_kb_default/common/action_util.o
 .bss.real_mods
                0x00000000008001f7        0x1 .build/obj_kb_default/common/action_util.o
 .bss.debug_config
                0x00000000008001f8        0x1 .build/obj_kb_default/common/debug.o
                0x00000000008001f8                debug_config
 .bss.wdt_timeout
                0x00000000008001f9        0x1 .build/obj_kb_default/common/avr/suspend.o
 .bss.last_timer
                0x00000000008001fa        0x2 .build/obj_kb_default/common/mousekey.o
 .bss.mousekey_accel
                0x00000000008001fc        0x1 .build/obj_kb_default/common/mousekey.o
 .bss.mousekey_repeat
                0x00000000008001fd        0x1 .build/obj_kb_default/common/mousekey.o
 .bss.mouse_report
                0x00000000008001fe        0x5 .build/obj_kb_default/common/mousekey.o
 .bss.keyboard_report_sent
                0x0000000000800203       0x20 .build/obj_kb_default/lufa.o
 .bss.keyboard_led_stats
                0x0000000000800223        0x1 .build/obj_kb_default/lufa.o
 .bss.keyboard_idle
                0x0000000000800224        0x1 .build/obj_kb_default/lufa.o
                0x0000000000800224                keyboard_idle
 *(COMMON)
 COMMON         0x0000000000800225        0xe .build/obj_kb_default/quantum/rgblight.o
                0x0000000000800225                rgblight_config
                0x0000000000800229                inmem_config
                0x000000000080022d                led
 COMMON         0x0000000000800233        0x4 .build/obj_kb_default/common/avr/timer.o
                0x0000000000800233                timer_count
 COMMON         0x0000000000800237        0x2 .build/obj_kb_default/common/bootmagic.o
                0x0000000000800237                keymap_config
 COMMON         0x0000000000800239        0x3 .build/obj_kb_default/protocol/lufa/LUFA-git/LUFA/Drivers/USB/Core/DeviceStandardReq.o
                0x0000000000800239                USB_Device_ConfigurationNumber
                0x000000000080023a                USB_Device_CurrentlySelfPowered
                0x000000000080023b                USB_Device_RemoteWakeupEnabled
 COMMON         0x000000000080023c        0xa .build/obj_kb_default/protocol/lufa/LUFA-git/LUFA/Drivers/USB/Core/USBTask.o
                0x000000000080023c                USB_IsInitialized
                0x000000000080023d                USB_DeviceState
                0x000000000080023e                USB_ControlRequest
                0x0000000000800246                PROVIDE (__bss_end, .)
                0x00000000000050ce                __data_load_start = LOADADDR (.data)
                0x0000000000005102                __data_load_end = (__data_load_start + SIZEOF (.data))

.noinit         0x0000000000800246        0x4
                [!provide]                        PROVIDE (__noinit_start, .)
 *(.noinit*)
 .noinit        0x0000000000800246        0x4 .build/obj_kb_default/common/avr/bootloader.o
                0x0000000000800246                reset_key
                [!provide]                        PROVIDE (__noinit_end, .)
                0x000000000080024a                _end = .
                [!provide]                        PROVIDE (__heap_start, .)

.eeprom         0x0000000000810000        0x0
 *(.eeprom*)
                0x0000000000810000                __eeprom_end = .

.fuse
 *(.fuse)
 *(.lfuse)
 *(.hfuse)
 *(.efuse)

.lock
 *(.lock*)

.signature
 *(.signature*)

.user_signatures
 *(.user_signatures*)

.stab
 *(.stab)

.stabstr        0x0000000000000000       0x6f
 *(.stabstr)
 .stabstr       0x0000000000000000       0x6f .build/obj_kb_default/common/avr/xprintf.o

.stab.excl
 *(.stab.excl)

.stab.exclstr
 *(.stab.exclstr)

.stab.index
 *(.stab.index)

.stab.indexstr
 *(.stab.indexstr)

.comment        0x0000000000000000       0x11
 *(.comment)
 .comment       0x0000000000000000       0x11 .build/obj_kb_default/keyboards/kb/keymaps/default/keymap.o
                                         0x12 (size before relaxing)
 .comment       0x0000000000000011       0x12 .build/obj_kb_default/quantum/quantum.o
 .comment       0x0000000000000011       0x12 .build/obj_kb_default/quantum/keymap_common.o
 .comment       0x0000000000000011       0x12 .build/obj_kb_default/quantum/keycode_config.o
 .comment       0x0000000000000011       0x12 .build/obj_kb_default/quantum/process_keycode/process_leader.o
 .comment       0x0000000000000011       0x12 .build/obj_kb_default/quantum/matrix.o
 .comment       0x0000000000000011       0x12 .build/obj_kb_default/quantum/light_ws2812.o
 .comment       0x0000000000000011       0x12 .build/obj_kb_default/quantum/rgblight.o
 .comment       0x0000000000000011       0x12 .build/obj_kb_default/common/host.o
 .comment       0x0000000000000011       0x12 .build/obj_kb_default/common/keyboard.o
 .comment       0x0000000000000011       0x12 .build/obj_kb_default/common/action.o
 .comment       0x0000000000000011       0x12 .build/obj_kb_default/common/action_tapping.o
 .comment       0x0000000000000011       0x12 .build/obj_kb_default/common/action_macro.o
 .comment       0x0000000000000011       0x12 .build/obj_kb_default/common/action_layer.o
 .comment       0x0000000000000011       0x12 .build/obj_kb_default/common/action_util.o
 .comment       0x0000000000000011       0x12 .build/obj_kb_default/common/debug.o
 .comment       0x0000000000000011       0x12 .build/obj_kb_default/common/eeconfig.o
 .comment       0x0000000000000011       0x12 .build/obj_kb_default/common/avr/suspend.o
 .comment       0x0000000000000011       0x12 .build/obj_kb_default/common/avr/timer.o
 .comment       0x0000000000000011       0x12 .build/obj_kb_default/common/avr/bootloader.o
 .comment       0x0000000000000011       0x12 .build/obj_kb_default/common/bootmagic.o
 .comment       0x0000000000000011       0x12 .build/obj_kb_default/common/mousekey.o
 .comment       0x0000000000000011       0x12 .build/obj_kb_default/lufa.o
 .comment       0x0000000000000011       0x12 .build/obj_kb_default/descriptor.o
 .comment       0x0000000000000011       0x12 .build/obj_kb_default/protocol/lufa/LUFA-git/LUFA/Drivers/USB/Core/AVR8/Device_AVR8.o
 .comment       0x0000000000000011       0x12 .build/obj_kb_default/protocol/lufa/LUFA-git/LUFA/Drivers/USB/Core/AVR8/EndpointStream_AVR8.o
 .comment       0x0000000000000011       0x12 .build/obj_kb_default/protocol/lufa/LUFA-git/LUFA/Drivers/USB/Core/AVR8/Endpoint_AVR8.o
 .comment       0x0000000000000011       0x12 .build/obj_kb_default/protocol/lufa/LUFA-git/LUFA/Drivers/USB/Core/AVR8/USBController_AVR8.o
 .comment       0x0000000000000011       0x12 .build/obj_kb_default/protocol/lufa/LUFA-git/LUFA/Drivers/USB/Core/AVR8/USBInterrupt_AVR8.o
 .comment       0x0000000000000011       0x12 .build/obj_kb_default/protocol/lufa/LUFA-git/LUFA/Drivers/USB/Core/DeviceStandardReq.o
 .comment       0x0000000000000011       0x12 .build/obj_kb_default/protocol/lufa/LUFA-git/LUFA/Drivers/USB/Core/Events.o
 .comment       0x0000000000000011       0x12 .build/obj_kb_default/protocol/lufa/LUFA-git/LUFA/Drivers/USB/Core/USBTask.o

.note.gnu.avr.deviceinfo
                0x0000000000000000       0x40
 .note.gnu.avr.deviceinfo
                0x0000000000000000       0x40 /usr/lib/gcc/avr/5.4.0/../../../avr/lib/avr5/crtatmega32u4.o

.note.gnu.build-id
 *(.note.gnu.build-id)

.debug
 *(.debug)

.line
 *(.line)

.debug_srcinfo
 *(.debug_srcinfo)

.debug_sfnames
 *(.debug_sfnames)

.debug_aranges  0x0000000000000000      0xb30
 *(.debug_aranges)
 .debug_aranges
                0x0000000000000000       0x48 .build/obj_kb_default/keyboards/kb/keymaps/default/keymap.o
 .debug_aranges
                0x0000000000000048       0xc8 .build/obj_kb_default/quantum/quantum.o
 .debug_aranges
                0x0000000000000110       0x40 .build/obj_kb_default/quantum/keymap_common.o
 .debug_aranges
                0x0000000000000150       0x20 .build/obj_kb_default/quantum/keycode_config.o
 .debug_aranges
                0x0000000000000170       0x28 .build/obj_kb_default/quantum/process_keycode/process_leader.o
 .debug_aranges
                0x0000000000000198       0x80 .build/obj_kb_default/quantum/matrix.o
 .debug_aranges
                0x0000000000000218       0x40 .build/obj_kb_default/quantum/light_ws2812.o
 .debug_aranges
                0x0000000000000258      0x128 .build/obj_kb_default/quantum/rgblight.o
 .debug_aranges
                0x0000000000000380       0x60 .build/obj_kb_default/common/host.o
 .debug_aranges
                0x00000000000003e0       0x40 .build/obj_kb_default/common/keyboard.o
 .debug_aranges
                0x0000000000000420       0x90 .build/obj_kb_default/common/action.o
 .debug_aranges
                0x00000000000004b0       0x40 .build/obj_kb_default/common/action_tapping.o
 .debug_aranges
                0x00000000000004f0       0x20 .build/obj_kb_default/common/action_macro.o
 .debug_aranges
                0x0000000000000510       0xa8 .build/obj_kb_default/common/action_layer.o
 .debug_aranges
                0x00000000000005b8      0x128 .build/obj_kb_default/common/action_util.o
 .debug_aranges
                0x00000000000006e0       0x18 .build/obj_kb_default/common/debug.o
 .debug_aranges
                0x00000000000006f8       0x68 .build/obj_kb_default/common/eeconfig.o
 .debug_aranges
                0x0000000000000760       0x48 .build/obj_kb_default/common/avr/suspend.o
 .debug_aranges
                0x00000000000007a8       0x50 .build/obj_kb_default/common/avr/timer.o
 .debug_aranges
                0x00000000000007f8       0x28 .build/obj_kb_default/common/avr/bootloader.o
 .debug_aranges
                0x0000000000000820       0x30 .build/obj_kb_default/common/bootmagic.o
 .debug_aranges
                0x0000000000000850       0x50 .build/obj_kb_default/common/mousekey.o
 .debug_aranges
                0x00000000000008a0       0x80 .build/obj_kb_default/lufa.o
 .debug_aranges
                0x0000000000000920       0x20 .build/obj_kb_default/descriptor.o
 .debug_aranges
                0x0000000000000940       0x20 .build/obj_kb_default/protocol/lufa/LUFA-git/LUFA/Drivers/USB/Core/AVR8/Device_AVR8.o
 .debug_aranges
                0x0000000000000960       0xc8 .build/obj_kb_default/protocol/lufa/LUFA-git/LUFA/Drivers/USB/Core/AVR8/EndpointStream_AVR8.o
 .debug_aranges
                0x0000000000000a28       0x40 .build/obj_kb_default/protocol/lufa/LUFA-git/LUFA/Drivers/USB/Core/AVR8/Endpoint_AVR8.o
 .debug_aranges
                0x0000000000000a68       0x30 .build/obj_kb_default/protocol/lufa/LUFA-git/LUFA/Drivers/USB/Core/AVR8/USBController_AVR8.o
 .debug_aranges
                0x0000000000000a98       0x38 .build/obj_kb_default/protocol/lufa/LUFA-git/LUFA/Drivers/USB/Core/AVR8/USBInterrupt_AVR8.o
 .debug_aranges
                0x0000000000000ad0       0x20 .build/obj_kb_default/protocol/lufa/LUFA-git/LUFA/Drivers/USB/Core/DeviceStandardReq.o
 .debug_aranges
                0x0000000000000af0       0x20 .build/obj_kb_default/protocol/lufa/LUFA-git/LUFA/Drivers/USB/Core/Events.o
 .debug_aranges
                0x0000000000000b10       0x20 .build/obj_kb_default/protocol/lufa/LUFA-git/LUFA/Drivers/USB/Core/USBTask.o

.debug_pubnames
 *(.debug_pubnames)

.debug_info     0x0000000000000000    0x11ef6
 *(.debug_info .gnu.linkonce.wi.*)
 .debug_info    0x0000000000000000      0x9f4 /usr/lib/gcc/avr/5.4.0/../../../avr/lib/avr5/crtatmega32u4.o
 .debug_info    0x00000000000009f4      0xcf9 .build/obj_kb_default/keyboards/kb/keymaps/default/keymap.o
 .debug_info    0x00000000000016ed     0x1690 .build/obj_kb_default/quantum/quantum.o
 .debug_info    0x0000000000002d7d     0x10eb .build/obj_kb_default/quantum/keymap_common.o
 .debug_info    0x0000000000003e68      0x583 .build/obj_kb_default/quantum/keycode_config.o
 .debug_info    0x00000000000043eb      0x567 .build/obj_kb_default/quantum/process_keycode/process_leader.o
 .debug_info    0x0000000000004952      0x68a .build/obj_kb_default/quantum/matrix.o
 .debug_info    0x0000000000004fdc      0x393 .build/obj_kb_default/quantum/light_ws2812.o
 .debug_info    0x000000000000536f     0x122d .build/obj_kb_default/quantum/rgblight.o
 .debug_info    0x000000000000659c      0x4a9 .build/obj_kb_default/common/host.o
 .debug_info    0x0000000000006a45      0x43e .build/obj_kb_default/common/keyboard.o
 .debug_info    0x0000000000006e83     0x17c4 .build/obj_kb_default/common/action.o
 .debug_info    0x0000000000008647      0xde0 .build/obj_kb_default/common/action_tapping.o
 .debug_info    0x0000000000009427      0x78c .build/obj_kb_default/common/action_macro.o
 .debug_info    0x0000000000009bb3      0xaa0 .build/obj_kb_default/common/action_layer.o
 .debug_info    0x000000000000a653      0x964 .build/obj_kb_default/common/action_util.o
 .debug_info    0x000000000000afb7       0xfc .build/obj_kb_default/common/debug.o
 .debug_info    0x000000000000b0b3      0x3bb .build/obj_kb_default/common/eeconfig.o
 .debug_info    0x000000000000b46e      0x2cd .build/obj_kb_default/common/avr/suspend.o
 .debug_info    0x000000000000b73b      0x391 .build/obj_kb_default/common/avr/timer.o
 .debug_info    0x000000000000bacc      0x206 .build/obj_kb_default/common/avr/bootloader.o
 .debug_info    0x000000000000bcd2      0xad9 .build/obj_kb_default/common/bootmagic.o
 .debug_info    0x000000000000c7ab      0x5e6 .build/obj_kb_default/common/mousekey.o
 .debug_info    0x000000000000cd91     0x1102 .build/obj_kb_default/lufa.o
 .debug_info    0x000000000000de93      0x7c6 .build/obj_kb_default/descriptor.o
 .debug_info    0x000000000000e659       0xd2 .build/obj_kb_default/protocol/lufa/LUFA-git/LUFA/Drivers/USB/Core/AVR8/Device_AVR8.o
 .debug_info    0x000000000000e72b     0x17c8 .build/obj_kb_default/protocol/lufa/LUFA-git/LUFA/Drivers/USB/Core/AVR8/EndpointStream_AVR8.o
 .debug_info    0x000000000000fef3      0x620 .build/obj_kb_default/protocol/lufa/LUFA-git/LUFA/Drivers/USB/Core/AVR8/Endpoint_AVR8.o
 .debug_info    0x0000000000010513      0x4e7 .build/obj_kb_default/protocol/lufa/LUFA-git/LUFA/Drivers/USB/Core/AVR8/USBController_AVR8.o
 .debug_info    0x00000000000109fa      0x7e7 .build/obj_kb_default/protocol/lufa/LUFA-git/LUFA/Drivers/USB/Core/AVR8/USBInterrupt_AVR8.o
 .debug_info    0x00000000000111e1      0xa2b .build/obj_kb_default/protocol/lufa/LUFA-git/LUFA/Drivers/USB/Core/DeviceStandardReq.o
 .debug_info    0x0000000000011c0c       0x78 .build/obj_kb_default/protocol/lufa/LUFA-git/LUFA/Drivers/USB/Core/Events.o
 .debug_info    0x0000000000011c84      0x272 .build/obj_kb_default/protocol/lufa/LUFA-git/LUFA/Drivers/USB/Core/USBTask.o

.debug_abbrev   0x0000000000000000     0x4694
 *(.debug_abbrev)
 .debug_abbrev  0x0000000000000000      0x96a /usr/lib/gcc/avr/5.4.0/../../../avr/lib/avr5/crtatmega32u4.o
 .debug_abbrev  0x000000000000096a      0x1da .build/obj_kb_default/keyboards/kb/keymaps/default/keymap.o
 .debug_abbrev  0x0000000000000b44      0x393 .build/obj_kb_default/quantum/quantum.o
 .debug_abbrev  0x0000000000000ed7      0x22f .build/obj_kb_default/quantum/keymap_common.o
 .debug_abbrev  0x0000000000001106       0xd2 .build/obj_kb_default/quantum/keycode_config.o
 .debug_abbrev  0x00000000000011d8      0x152 .build/obj_kb_default/quantum/process_keycode/process_leader.o
 .debug_abbrev  0x000000000000132a      0x2ff .build/obj_kb_default/quantum/matrix.o
 .debug_abbrev  0x0000000000001629      0x159 .build/obj_kb_default/quantum/light_ws2812.o
 .debug_abbrev  0x0000000000001782      0x393 .build/obj_kb_default/quantum/rgblight.o
 .debug_abbrev  0x0000000000001b15      0x183 .build/obj_kb_default/common/host.o
 .debug_abbrev  0x0000000000001c98      0x1fc .build/obj_kb_default/common/keyboard.o
 .debug_abbrev  0x0000000000001e94      0x2ed .build/obj_kb_default/common/action.o
 .debug_abbrev  0x0000000000002181      0x2c3 .build/obj_kb_default/common/action_tapping.o
 .debug_abbrev  0x0000000000002444      0x162 .build/obj_kb_default/common/action_macro.o
 .debug_abbrev  0x00000000000025a6      0x279 .build/obj_kb_default/common/action_layer.o
 .debug_abbrev  0x000000000000281f      0x2e0 .build/obj_kb_default/common/action_util.o
 .debug_abbrev  0x0000000000002aff       0x87 .build/obj_kb_default/common/debug.o
 .debug_abbrev  0x0000000000002b86       0xc2 .build/obj_kb_default/common/eeconfig.o
 .debug_abbrev  0x0000000000002c48      0x1ce .build/obj_kb_default/common/avr/suspend.o
 .debug_abbrev  0x0000000000002e16      0x17e .build/obj_kb_default/common/avr/timer.o
 .debug_abbrev  0x0000000000002f94      0x171 .build/obj_kb_default/common/avr/bootloader.o
 .debug_abbrev  0x0000000000003105      0x219 .build/obj_kb_default/common/bootmagic.o
 .debug_abbrev  0x000000000000331e      0x1b4 .build/obj_kb_default/common/mousekey.o
 .debug_abbrev  0x00000000000034d2      0x3bf .build/obj_kb_default/lufa.o
 .debug_abbrev  0x0000000000003891      0x184 .build/obj_kb_default/descriptor.o
 .debug_abbrev  0x0000000000003a15       0x80 .build/obj_kb_default/protocol/lufa/LUFA-git/LUFA/Drivers/USB/Core/AVR8/Device_AVR8.o
 .debug_abbrev  0x0000000000003a95      0x1ea .build/obj_kb_default/protocol/lufa/LUFA-git/LUFA/Drivers/USB/Core/AVR8/EndpointStream_AVR8.o
 .debug_abbrev  0x0000000000003c7f      0x226 .build/obj_kb_default/protocol/lufa/LUFA-git/LUFA/Drivers/USB/Core/AVR8/Endpoint_AVR8.o
 .debug_abbrev  0x0000000000003ea5      0x191 .build/obj_kb_default/protocol/lufa/LUFA-git/LUFA/Drivers/USB/Core/AVR8/USBController_AVR8.o
 .debug_abbrev  0x0000000000004036      0x213 .build/obj_kb_default/protocol/lufa/LUFA-git/LUFA/Drivers/USB/Core/AVR8/USBInterrupt_AVR8.o
 .debug_abbrev  0x0000000000004249      0x29c .build/obj_kb_default/protocol/lufa/LUFA-git/LUFA/Drivers/USB/Core/DeviceStandardReq.o
 .debug_abbrev  0x00000000000044e5       0x44 .build/obj_kb_default/protocol/lufa/LUFA-git/LUFA/Drivers/USB/Core/Events.o
 .debug_abbrev  0x0000000000004529      0x16b .build/obj_kb_default/protocol/lufa/LUFA-git/LUFA/Drivers/USB/Core/USBTask.o

.debug_line     0x0000000000000000     0x8024
 *(.debug_line .debug_line.* .debug_line_end)
 .debug_line    0x0000000000000000       0x1a /usr/lib/gcc/avr/5.4.0/../../../avr/lib/avr5/crtatmega32u4.o
 .debug_line    0x000000000000001a      0x1f8 .build/obj_kb_default/keyboards/kb/keymaps/default/keymap.o
 .debug_line    0x0000000000000212      0x7ba .build/obj_kb_default/quantum/quantum.o
 .debug_line    0x00000000000009cc      0x357 .build/obj_kb_default/quantum/keymap_common.o
 .debug_line    0x0000000000000d23      0x13a .build/obj_kb_default/quantum/keycode_config.o
 .debug_line    0x0000000000000e5d      0x1a3 .build/obj_kb_default/quantum/process_keycode/process_leader.o
 .debug_line    0x0000000000001000      0x310 .build/obj_kb_default/quantum/matrix.o
 .debug_line    0x0000000000001310      0x147 .build/obj_kb_default/quantum/light_ws2812.o
 .debug_line    0x0000000000001457      0x98a .build/obj_kb_default/quantum/rgblight.o
 .debug_line    0x0000000000001de1      0x1ca .build/obj_kb_default/common/host.o
 .debug_line    0x0000000000001fab      0x237 .build/obj_kb_default/common/keyboard.o
 .debug_line    0x00000000000021e2      0x893 .build/obj_kb_default/common/action.o
 .debug_line    0x0000000000002a75      0x51d .build/obj_kb_default/common/action_tapping.o
 .debug_line    0x0000000000002f92      0x1bb .build/obj_kb_default/common/action_macro.o
 .debug_line    0x000000000000314d      0x33e .build/obj_kb_default/common/action_layer.o
 .debug_line    0x000000000000348b      0x53d .build/obj_kb_default/common/action_util.o
 .debug_line    0x00000000000039c8       0x63 .build/obj_kb_default/common/debug.o
 .debug_line    0x0000000000003a2b      0x17e .build/obj_kb_default/common/eeconfig.o
 .debug_line    0x0000000000003ba9      0x279 .build/obj_kb_default/common/avr/suspend.o
 .debug_line    0x0000000000003e22      0x224 .build/obj_kb_default/common/avr/timer.o
 .debug_line    0x0000000000004046      0x1c1 .build/obj_kb_default/common/avr/bootloader.o
 .debug_line    0x0000000000004207      0x398 .build/obj_kb_default/common/bootmagic.o
 .debug_line    0x000000000000459f      0x5ea .build/obj_kb_default/common/mousekey.o
 .debug_line    0x0000000000004b89      0x80c .build/obj_kb_default/lufa.o
 .debug_line    0x0000000000005395      0x208 .build/obj_kb_default/descriptor.o
 .debug_line    0x000000000000559d      0x13c .build/obj_kb_default/protocol/lufa/LUFA-git/LUFA/Drivers/USB/Core/AVR8/Device_AVR8.o
 .debug_line    0x00000000000056d9     0x1454 .build/obj_kb_default/protocol/lufa/LUFA-git/LUFA/Drivers/USB/Core/AVR8/EndpointStream_AVR8.o
 .debug_line    0x0000000000006b2d      0x50b .build/obj_kb_default/protocol/lufa/LUFA-git/LUFA/Drivers/USB/Core/AVR8/Endpoint_AVR8.o
 .debug_line    0x0000000000007038      0x357 .build/obj_kb_default/protocol/lufa/LUFA-git/LUFA/Drivers/USB/Core/AVR8/USBController_AVR8.o
 .debug_line    0x000000000000738f      0x5b9 .build/obj_kb_default/protocol/lufa/LUFA-git/LUFA/Drivers/USB/Core/AVR8/USBInterrupt_AVR8.o
 .debug_line    0x0000000000007948      0x4c6 .build/obj_kb_default/protocol/lufa/LUFA-git/LUFA/Drivers/USB/Core/DeviceStandardReq.o
 .debug_line    0x0000000000007e0e       0x6e .build/obj_kb_default/protocol/lufa/LUFA-git/LUFA/Drivers/USB/Core/Events.o
 .debug_line    0x0000000000007e7c      0x1a8 .build/obj_kb_default/protocol/lufa/LUFA-git/LUFA/Drivers/USB/Core/USBTask.o

.debug_frame    0x0000000000000000     0x1d28
 *(.debug_frame)
 .debug_frame   0x0000000000000000       0xac .build/obj_kb_default/keyboards/kb/keymaps/default/keymap.o
 .debug_frame   0x00000000000000ac      0x274 .build/obj_kb_default/quantum/quantum.o
 .debug_frame   0x0000000000000320       0x64 .build/obj_kb_default/quantum/keymap_common.o
 .debug_frame   0x0000000000000384       0x24 .build/obj_kb_default/quantum/keycode_config.o
 .debug_frame   0x00000000000003a8       0x58 .build/obj_kb_default/quantum/process_keycode/process_leader.o
 .debug_frame   0x0000000000000400      0x184 .build/obj_kb_default/quantum/matrix.o
 .debug_frame   0x0000000000000584       0x64 .build/obj_kb_default/quantum/light_ws2812.o
 .debug_frame   0x00000000000005e8      0x378 .build/obj_kb_default/quantum/rgblight.o
 .debug_frame   0x0000000000000960       0xa4 .build/obj_kb_default/common/host.o
 .debug_frame   0x0000000000000a04       0xa0 .build/obj_kb_default/common/keyboard.o
 .debug_frame   0x0000000000000aa4      0x19c .build/obj_kb_default/common/action.o
 .debug_frame   0x0000000000000c40       0xdc .build/obj_kb_default/common/action_tapping.o
 .debug_frame   0x0000000000000d1c       0x48 .build/obj_kb_default/common/action_macro.o
 .debug_frame   0x0000000000000d64      0x1dc .build/obj_kb_default/common/action_layer.o
 .debug_frame   0x0000000000000f40      0x240 .build/obj_kb_default/common/action_util.o
 .debug_frame   0x0000000000001180       0xb4 .build/obj_kb_default/common/eeconfig.o
 .debug_frame   0x0000000000001234       0xb0 .build/obj_kb_default/common/avr/suspend.o
 .debug_frame   0x00000000000012e4       0xf0 .build/obj_kb_default/common/avr/timer.o
 .debug_frame   0x00000000000013d4       0x34 .build/obj_kb_default/common/avr/bootloader.o
 .debug_frame   0x0000000000001408       0x80 .build/obj_kb_default/common/bootmagic.o
 .debug_frame   0x0000000000001488       0x98 .build/obj_kb_default/common/mousekey.o
 .debug_frame   0x0000000000001520      0x128 .build/obj_kb_default/lufa.o
 .debug_frame   0x0000000000001648       0x24 .build/obj_kb_default/descriptor.o
 .debug_frame   0x000000000000166c       0x24 .build/obj_kb_default/protocol/lufa/LUFA-git/LUFA/Drivers/USB/Core/AVR8/Device_AVR8.o
 .debug_frame   0x0000000000001690      0x42c .build/obj_kb_default/protocol/lufa/LUFA-git/LUFA/Drivers/USB/Core/AVR8/EndpointStream_AVR8.o
 .debug_frame   0x0000000000001abc       0x7c .build/obj_kb_default/protocol/lufa/LUFA-git/LUFA/Drivers/USB/Core/AVR8/Endpoint_AVR8.o
 .debug_frame   0x0000000000001b38       0x5c .build/obj_kb_default/protocol/lufa/LUFA-git/LUFA/Drivers/USB/Core/AVR8/USBController_AVR8.o
 .debug_frame   0x0000000000001b94      0x108 .build/obj_kb_default/protocol/lufa/LUFA-git/LUFA/Drivers/USB/Core/AVR8/USBInterrupt_AVR8.o
 .debug_frame   0x0000000000001c9c       0x3c .build/obj_kb_default/protocol/lufa/LUFA-git/LUFA/Drivers/USB/Core/DeviceStandardReq.o
 .debug_frame   0x0000000000001cd8       0x24 .build/obj_kb_default/protocol/lufa/LUFA-git/LUFA/Drivers/USB/Core/Events.o
 .debug_frame   0x0000000000001cfc       0x2c .build/obj_kb_default/protocol/lufa/LUFA-git/LUFA/Drivers/USB/Core/USBTask.o

.debug_str      0x0000000000000000     0x4b11
 *(.debug_str)
 .debug_str     0x0000000000000000      0x371 /usr/lib/gcc/avr/5.4.0/../../../avr/lib/avr5/crtatmega32u4.o
 .debug_str     0x0000000000000371     0x1051 .build/obj_kb_default/keyboards/kb/keymaps/default/keymap.o
                                       0x10cd (size before relaxing)
 .debug_str     0x00000000000013c2      0x4a8 .build/obj_kb_default/quantum/quantum.o
                                       0x120d (size before relaxing)
 .debug_str     0x000000000000186a      0x32a .build/obj_kb_default/quantum/keymap_common.o
                                       0x1399 (size before relaxing)
 .debug_str     0x0000000000001b94       0x19 .build/obj_kb_default/quantum/keycode_config.o
                                        0x80b (size before relaxing)
 .debug_str     0x0000000000001bad       0x6d .build/obj_kb_default/quantum/process_keycode/process_leader.o
                                        0x785 (size before relaxing)
 .debug_str     0x0000000000001c1a      0x167 .build/obj_kb_default/quantum/matrix.o
                                        0x3cc (size before relaxing)
 .debug_str     0x0000000000001d81       0xb1 .build/obj_kb_default/quantum/light_ws2812.o
                                        0x293 (size before relaxing)
 .debug_str     0x0000000000001e32      0x385 .build/obj_kb_default/quantum/rgblight.o
                                        0x6da (size before relaxing)
 .debug_str     0x00000000000021b7      0x12f .build/obj_kb_default/common/host.o
                                        0x37b (size before relaxing)
 .debug_str     0x00000000000022e6       0xd6 .build/obj_kb_default/common/keyboard.o
                                        0x35e (size before relaxing)
 .debug_str     0x00000000000023bc      0x38a .build/obj_kb_default/common/action.o
                                       0x12a0 (size before relaxing)
 .debug_str     0x0000000000002746       0xe8 .build/obj_kb_default/common/action_tapping.o
                                        0xb12 (size before relaxing)
 .debug_str     0x000000000000282e       0x76 .build/obj_kb_default/common/action_macro.o
                                        0x896 (size before relaxing)
 .debug_str     0x00000000000028a4       0x94 .build/obj_kb_default/common/action_layer.o
                                        0x4ca (size before relaxing)
 .debug_str     0x0000000000002938      0x18f .build/obj_kb_default/common/action_util.o
                                        0x60b (size before relaxing)
 .debug_str     0x0000000000002ac7       0x1a .build/obj_kb_default/common/debug.o
                                        0x1e0 (size before relaxing)
 .debug_str     0x0000000000002ae1       0xea .build/obj_kb_default/common/eeconfig.o
                                        0x2e2 (size before relaxing)
 .debug_str     0x0000000000002bcb      0x159 .build/obj_kb_default/common/avr/suspend.o
                                        0x362 (size before relaxing)
 .debug_str     0x0000000000002d24       0x81 .build/obj_kb_default/common/avr/timer.o
                                        0x241 (size before relaxing)
 .debug_str     0x0000000000002da5       0x69 .build/obj_kb_default/common/avr/bootloader.o
                                        0x28a (size before relaxing)
 .debug_str     0x0000000000002e0e       0x35 .build/obj_kb_default/common/bootmagic.o
                                        0xa1b (size before relaxing)
 .debug_str     0x0000000000002e43       0xb7 .build/obj_kb_default/common/mousekey.o
                                        0x688 (size before relaxing)
 .debug_str     0x0000000000002efa      0x4cd .build/obj_kb_default/lufa.o
                                        0x999 (size before relaxing)
 .debug_str     0x00000000000033c7      0x76e .build/obj_kb_default/descriptor.o
                                        0x980 (size before relaxing)
 .debug_str     0x0000000000003b35       0x77 .build/obj_kb_default/protocol/lufa/LUFA-git/LUFA/Drivers/USB/Core/AVR8/Device_AVR8.o
                                        0x220 (size before relaxing)
 .debug_str     0x0000000000003bac      0x4d5 .build/obj_kb_default/protocol/lufa/LUFA-git/LUFA/Drivers/USB/Core/AVR8/EndpointStream_AVR8.o
                                        0x882 (size before relaxing)
 .debug_str     0x0000000000004081      0x26d .build/obj_kb_default/protocol/lufa/LUFA-git/LUFA/Drivers/USB/Core/AVR8/Endpoint_AVR8.o
                                        0x642 (size before relaxing)
 .debug_str     0x00000000000042ee      0x1d9 .build/obj_kb_default/protocol/lufa/LUFA-git/LUFA/Drivers/USB/Core/AVR8/USBController_AVR8.o
                                        0x581 (size before relaxing)
 .debug_str     0x00000000000044c7      0x176 .build/obj_kb_default/protocol/lufa/LUFA-git/LUFA/Drivers/USB/Core/AVR8/USBInterrupt_AVR8.o
                                        0x600 (size before relaxing)
 .debug_str     0x000000000000463d      0x426 .build/obj_kb_default/protocol/lufa/LUFA-git/LUFA/Drivers/USB/Core/DeviceStandardReq.o
                                        0x9f4 (size before relaxing)
 .debug_str     0x0000000000004a63       0x50 .build/obj_kb_default/protocol/lufa/LUFA-git/LUFA/Drivers/USB/Core/Events.o
                                        0x1c6 (size before relaxing)
 .debug_str     0x0000000000004ab3       0x5e .build/obj_kb_default/protocol/lufa/LUFA-git/LUFA/Drivers/USB/Core/USBTask.o
                                        0x3a7 (size before relaxing)

.debug_loc      0x0000000000000000     0x8b4b
 *(.debug_loc)
 .debug_loc     0x0000000000000000      0x1fb .build/obj_kb_default/keyboards/kb/keymaps/default/keymap.o
 .debug_loc     0x00000000000001fb      0x908 .build/obj_kb_default/quantum/quantum.o
 .debug_loc     0x0000000000000b03      0x490 .build/obj_kb_default/quantum/keymap_common.o
 .debug_loc     0x0000000000000f93      0x116 .build/obj_kb_default/quantum/keycode_config.o
 .debug_loc     0x00000000000010a9       0xf2 .build/obj_kb_default/quantum/process_keycode/process_leader.o
 .debug_loc     0x000000000000119b      0x512 .build/obj_kb_default/quantum/matrix.o
 .debug_loc     0x00000000000016ad      0x2ac .build/obj_kb_default/quantum/light_ws2812.o
 .debug_loc     0x0000000000001959     0x1072 .build/obj_kb_default/quantum/rgblight.o
 .debug_loc     0x00000000000029cb       0xd8 .build/obj_kb_default/common/host.o
 .debug_loc     0x0000000000002aa3      0x198 .build/obj_kb_default/common/keyboard.o
 .debug_loc     0x0000000000002c3b      0x9b1 .build/obj_kb_default/common/action.o
 .debug_loc     0x00000000000035ec      0x5bc .build/obj_kb_default/common/action_tapping.o
 .debug_loc     0x0000000000003ba8      0x48c .build/obj_kb_default/common/action_macro.o
 .debug_loc     0x0000000000004034      0x938 .build/obj_kb_default/common/action_layer.o
 .debug_loc     0x000000000000496c      0x369 .build/obj_kb_default/common/action_util.o
 .debug_loc     0x0000000000004cd5       0x84 .build/obj_kb_default/common/eeconfig.o
 .debug_loc     0x0000000000004d59       0xd9 .build/obj_kb_default/common/avr/suspend.o
 .debug_loc     0x0000000000004e32      0x2ea .build/obj_kb_default/common/avr/timer.o
 .debug_loc     0x000000000000511c       0x48 .build/obj_kb_default/common/avr/bootloader.o
 .debug_loc     0x0000000000005164      0x275 .build/obj_kb_default/common/bootmagic.o
 .debug_loc     0x00000000000053d9      0x3ea .build/obj_kb_default/common/mousekey.o
 .debug_loc     0x00000000000057c3      0x671 .build/obj_kb_default/lufa.o
 .debug_loc     0x0000000000005e34      0x20a .build/obj_kb_default/descriptor.o
 .debug_loc     0x000000000000603e     0x1f97 .build/obj_kb_default/protocol/lufa/LUFA-git/LUFA/Drivers/USB/Core/AVR8/EndpointStream_AVR8.o
 .debug_loc     0x0000000000007fd5      0x38d .build/obj_kb_default/protocol/lufa/LUFA-git/LUFA/Drivers/USB/Core/AVR8/Endpoint_AVR8.o
 .debug_loc     0x0000000000008362       0xd5 .build/obj_kb_default/protocol/lufa/LUFA-git/LUFA/Drivers/USB/Core/AVR8/USBController_AVR8.o
 .debug_loc     0x0000000000008437      0x3f4 .build/obj_kb_default/protocol/lufa/LUFA-git/LUFA/Drivers/USB/Core/AVR8/USBInterrupt_AVR8.o
 .debug_loc     0x000000000000882b      0x2d7 .build/obj_kb_default/protocol/lufa/LUFA-git/LUFA/Drivers/USB/Core/DeviceStandardReq.o
 .debug_loc     0x0000000000008b02       0x49 .build/obj_kb_default/protocol/lufa/LUFA-git/LUFA/Drivers/USB/Core/USBTask.o

.debug_macinfo
 *(.debug_macinfo)

.debug_weaknames
 *(.debug_weaknames)

.debug_funcnames
 *(.debug_funcnames)

.debug_typenames
 *(.debug_typenames)

.debug_varnames
 *(.debug_varnames)

.debug_pubtypes
 *(.debug_pubtypes)

.debug_ranges   0x0000000000000000      0xc50
 *(.debug_ranges)
 .debug_ranges  0x0000000000000000       0x38 .build/obj_kb_default/keyboards/kb/keymaps/default/keymap.o
 .debug_ranges  0x0000000000000038       0xb8 .build/obj_kb_default/quantum/quantum.o
 .debug_ranges  0x00000000000000f0       0x30 .build/obj_kb_default/quantum/keymap_common.o
 .debug_ranges  0x0000000000000120       0x10 .build/obj_kb_default/quantum/keycode_config.o
 .debug_ranges  0x0000000000000130       0x18 .build/obj_kb_default/quantum/process_keycode/process_leader.o
 .debug_ranges  0x0000000000000148       0xa0 .build/obj_kb_default/quantum/matrix.o
 .debug_ranges  0x00000000000001e8       0x30 .build/obj_kb_default/quantum/light_ws2812.o
 .debug_ranges  0x0000000000000218      0x118 .build/obj_kb_default/quantum/rgblight.o
 .debug_ranges  0x0000000000000330       0x50 .build/obj_kb_default/common/host.o
 .debug_ranges  0x0000000000000380       0x50 .build/obj_kb_default/common/keyboard.o
 .debug_ranges  0x00000000000003d0       0x80 .build/obj_kb_default/common/action.o
 .debug_ranges  0x0000000000000450       0x60 .build/obj_kb_default/common/action_tapping.o